 ship_server

 Timestamp is 52cf1395 (Thu Jan 09 21:24:37 2014)

 Preferred load address is 00400000

 Start         Length     Name                   Class
 0001:00000000 00002ebaH .text                   CODE
 0001:00002ec0 000b61d0H .text$mn                CODE
 0001:000b9090 00001187H .text$x                 CODE
 0002:00000000 00000104H .CRT$XCA                DATA
 0002:00000104 00000104H .CRT$XCZ                DATA
 0002:00000208 00000104H .CRT$XIA                DATA
 0002:0000030c 00000113H .CRT$XIC                DATA
 0002:00000420 00000104H .CRT$XIY                DATA
 0002:00000524 00000104H .CRT$XIZ                DATA
 0002:00000628 00000104H .CRT$XPA                DATA
 0002:0000072c 00000109H .CRT$XPX                DATA
 0002:00000838 00000104H .CRT$XPXA               DATA
 0002:0000093c 00000104H .CRT$XPZ                DATA
 0002:00000a40 00000104H .CRT$XTA                DATA
 0002:00000b44 00000104H .CRT$XTZ                DATA
 0002:00000c50 0001be44H .rdata                  DATA
 0002:0001ca94 00000190H .rdata$debug            DATA
 0002:0001cc24 0000053cH .rdata$r                DATA
 0002:0001d160 00000139H .rdata$sxdata           DATA
 0002:0001d29c 00000104H .rtc$IAA                DATA
 0002:0001d3a0 00000109H .rtc$IMZ                DATA
 0002:0001d4ac 00000104H .rtc$IZZ                DATA
 0002:0001d5b0 00000104H .rtc$TAA                DATA
 0002:0001d6b4 00000109H .rtc$TMZ                DATA
 0002:0001d7c0 00000104H .rtc$TZZ                DATA
 0002:0001d8c8 000011b0H .xdata$x                DATA
 0002:0001ea78 00000000H .edata                  DATA
 0003:00000000 00003e74H .data                   DATA
 0003:00003e74 00000292H .data$r                 DATA
 0003:00004120 021f6ca4H .bss                    DATA
 0004:00000000 00000324H .idata$5                DATA
 0004:00000324 00000064H .idata$2                DATA
 0004:00000388 00000014H .idata$3                DATA
 0004:0000039c 00000324H .idata$4                DATA
 0004:000006c0 0000099eH .idata$6                DATA
 0005:00000000 00000216H .rsrc$01                DATA
 0005:00000220 00001219H .rsrc$02                DATA

  Address         Publics by Value              Rva+Base       Lib:Object

 0000:00000000       __except_list              00000000     <absolute>
 0000:00000000       ___guard_fids_count        00000000     <absolute>
 0000:00000000       ___guard_fids_table        00000000     <absolute>
 0000:00000000       ___guard_flags             00000000     <absolute>
 0000:0000000c       ___safe_se_handler_count   0000000c     <absolute>
 0000:00000000       ___ImageBase               00400000     <linker-defined>
 0001:00000690       _mts_lrand                 00401690 f   mtwist:mtwist.obj
 0001:00000740       _mts_llrand                00401740 f   mtwist:mtwist.obj
 0001:000008d0       _mts_drand                 004018d0 f   mtwist:mtwist.obj
 0001:000009a0       _mts_ldrand                004019a0 f   mtwist:mtwist.obj
 0001:00000b60       _mt_lrand                  00401b60 f   mtwist:mtwist.obj
 0001:00000c00       _mt_llrand                 00401c00 f   mtwist:mtwist.obj
 0001:00000d60       _mt_drand                  00401d60 f   mtwist:mtwist.obj
 0001:00000e30       _mt_ldrand                 00401e30 f   mtwist:mtwist.obj
 0001:00000fd0       _mts_mark_initialized      00401fd0 f   mtwist:mtwist.obj
 0001:00001070       _mts_seed32                00402070 f   mtwist:mtwist.obj
 0001:00001120       _mts_seed32new             00402120 f   mtwist:mtwist.obj
 0001:000011f0       _mts_seedfull              004021f0 f   mtwist:mtwist.obj
 0001:000012a0       _mts_seed                  004022a0 f   mtwist:mtwist.obj
 0001:000012f0       _mts_goodseed              004022f0 f   mtwist:mtwist.obj
 0001:000014c0       _mts_bestseed              004024c0 f   mtwist:mtwist.obj
 0001:00001580       _mts_refresh               00402580 f   mtwist:mtwist.obj
 0001:000017c0       _mts_savestate             004027c0 f   mtwist:mtwist.obj
 0001:00001870       _mts_loadstate             00402870 f   mtwist:mtwist.obj
 0001:00001960       _mt_seed32                 00402960 f   mtwist:mtwist.obj
 0001:000019b0       _mt_seed32new              004029b0 f   mtwist:mtwist.obj
 0001:00001a00       _mt_seedfull               00402a00 f   mtwist:mtwist.obj
 0001:00001a50       _mt_seed                   00402a50 f   mtwist:mtwist.obj
 0001:00001a90       _mt_goodseed               00402a90 f   mtwist:mtwist.obj
 0001:00001ad0       _mt_bestseed               00402ad0 f   mtwist:mtwist.obj
 0001:00001b10       _mt_getstate               00402b10 f   mtwist:mtwist.obj
 0001:00001b40       _mt_savestate              00402b40 f   mtwist:mtwist.obj
 0001:00001b90       _mt_loadstate              00402b90 f   mtwist:mtwist.obj
 0001:00002ec0       _AddExp                    00403ec0 f   ship_server.obj
 0001:00003490       _AddGuildCard              00404490 f   ship_server.obj
 0001:000035f0       _AddItemToClient           004045f0 f   ship_server.obj
 0001:00003b80       _AddPB                     00404b80 f   ship_server.obj
 0001:00003db0       _AddTeamMember             00404db0 f   ship_server.obj
 0001:00003e80       _AddToInventory            00404e80 f   ship_server.obj
 0001:00004510       _BlockProcessPacket        00405510 f   ship_server.obj
 0001:00006630       _BroadcastToAll            00407630 f   ship_server.obj
 0001:00006b00       _CalculateChecksum         00407b00 f   ship_server.obj
 0001:00006bd0       _CheckMagEvolution         00407bd0 f   ship_server.obj
 0001:00006d20       _CheckMaxGrind             00407d20 f   ship_server.obj
 0001:00006df0       _CleanUpBank               00407df0 f   ship_server.obj
 0001:00006fb0       _CleanUpGameInventory      00407fb0 f   ship_server.obj
 0001:000070c0       _CleanUpInventory          004080c0 f   ship_server.obj
 0001:00007200       _Command09                 00408200 f   ship_server.obj
 0001:000082c0       _Command10                 004092c0 f   ship_server.obj
 0001:0000a7a0       _Command40                 0040b7a0 f   ship_server.obj
 0001:0000a8d0       _Command81                 0040b8d0 f   ship_server.obj
 0001:0000aaa0       _CommandD8                 0040baa0 f   ship_server.obj
 0001:0000ace0       _CommandD9                 0040bce0 f   ship_server.obj
 0001:0000ae10       _CommandE8                 0040be10 f   ship_server.obj
 0001:0000b220       _CommandEA                 0040c220 f   ship_server.obj
 0001:0000c110       _CommandED                 0040d110 f   ship_server.obj
 0001:0000c340       _ConstructBlockPacket      0040d340 f   ship_server.obj
 0001:0000c800       _CreateTeam                0040d800 f   ship_server.obj
 0001:0000c970       _DeequipItem               0040d970 f   ship_server.obj
 0001:0000ce40       _DeleteFromInventory       0040de40 f   ship_server.obj
 0001:0000d440       _DeleteGuildCard           0040e440 f   ship_server.obj
 0001:0000d510       _DeleteItemFromClient      0040e510 f   ship_server.obj
 0001:0000dc80       _DeleteMesetaFromClient    0040ec80 f   ship_server.obj
 0001:0000e0f0       _DepositIntoBank           0040f0f0 f   ship_server.obj
 0001:0000e7c0       _DissolveTeam              0040f7c0 f   ship_server.obj
 0001:0000e870       _EquipItem                 0040f870 f   ship_server.obj
 0001:0000f190       _ExpandDropRate            00410190 f   ship_server.obj
 0001:0000f200       _FeedMag                   00410200 f   ship_server.obj
 0001:00010390       _FixItem                   00411390 f   ship_server.obj
 0001:000109e0       _FreeCSV                   004119e0 f   ship_server.obj
 0001:00010ad0       _GenerateCommonItem        00411ad0 f   ship_server.obj
 0001:00011ff0       _GenerateRandomAttributes  00412ff0 f   ship_server.obj
 0001:00012f40       _GetShopPrice              00413f40 f   ship_server.obj
 0001:00013950       _GlobalBroadcast           00414950 f   ship_server.obj
 0001:00013bc0       _LoadArmorParam            00414bc0 f   ship_server.obj
 0001:00013ed0       _LoadBattleParam           00414ed0 f   ship_server.obj
 0001:00014070       _LoadCSV                   00415070 f   ship_server.obj
 0001:000144b0       _LoadMapData               004154b0 f   ship_server.obj
 0001:000145f0       _LoadObjectData            004155f0 f   ship_server.obj
 0001:00014950       _LoadQuests                00415950 f   ship_server.obj
 0001:00016950       _LoadShopData2             00417950 f   ship_server.obj
 0001:00016a30       _LoadTechParam             00417a30 f   ship_server.obj
 0001:00016bc0       _LoadWeaponParam           00417bc0 f   ship_server.obj
 0001:00016df0       _LogonProcessPacket        00417df0 f   ship_server.obj
 0001:0001af10       _MagAlignment              0041bf10 f   ship_server.obj
 0001:0001b060       _MagLV10Evolution          0041c060 f   ship_server.obj
 0001:0001b170       _MagLV35Evolution          0041c170 f   ship_server.obj
 0001:0001b430       _MagLV50Evolution          0041c430 f   ship_server.obj
 0001:0001bd70       _MagSpecialEvolution       0041cd70 f   ship_server.obj
 0001:0001c100       _MakePacketEA15            0041d100 f   ship_server.obj
 0001:0001c2f0       _ModifyGuildCardComment    0041d2f0 f   ship_server.obj
 0001:0001c4a0       _ParseMapData              0041d4a0 f   ship_server.obj
 0001:0001e890       _PrepGuildCard             0041f890 f   ship_server.obj
 0001:0001e9f0       _PreppedGuildCard          0041f9f0 f   ship_server.obj
 0001:0001eb80       _PromoteTeamMember         0041fb80 f   ship_server.obj
 0001:0001ec70       _RemoveTeamMember          0041fc70 f   ship_server.obj
 0001:0001ed40       _RequestTeamList           0041fd40 f   ship_server.obj
 0001:0001ee10       _RleDecode                 0041fe10 f   ship_server.obj
 0001:0001ef20       _RleEncode                 0041ff20 f   ship_server.obj
 0001:0001f0c0       _Send01                    004200c0 f   ship_server.obj
 0001:0001f3d0       _Send06                    004203d0 f   ship_server.obj
 0001:000234d0       _Send07                    004244d0 f   ship_server.obj
 0001:00023560       _Send08                    00424560 f   ship_server.obj
 0001:00023ce0       _Send19                    00424ce0 f   ship_server.obj
 0001:00023e10       _Send1A                    00424e10 f   ship_server.obj
 0001:00024040       _Send1D                    00425040 f   ship_server.obj
 0001:00024150       _Send60                    00425150 f   ship_server.obj
 0001:000292d0       _Send62                    0042a2d0 f   ship_server.obj
 0001:0002e0f0       _Send64                    0042f0f0 f   ship_server.obj
 0001:0002e950       _Send67                    0042f950 f   ship_server.obj
 0001:0002f170       _Send6D                    00430170 f   ship_server.obj
 0001:0002f6a0       _Send83                    004306a0 f   ship_server.obj
 0001:0002f720       _Send95                    00430720 f   ship_server.obj
 0001:0002f880       _SendA0                    00430880 f   ship_server.obj
 0001:0002f910       _SendA2                    00430910 f   ship_server.obj
 0001:00030b00       _SendB0                    00431b00 f   ship_server.obj
 0001:00030d30       _SendEA                    00431d30 f   ship_server.obj
 0001:00031bf0       _SendEE                    00432bf0 f   ship_server.obj
 0001:00031e20       _SendItemToEnd             00432e20 f   ship_server.obj
 0001:00031fc0       _SendToLobby               00432fc0 f   ship_server.obj
 0001:000320c0       _ShipProcessPacket         004330c0 f   ship_server.obj
 0001:00032540       _ShipSend04                00433540 f   ship_server.obj
 0001:000327e0       _ShipSend0B                004337e0 f   ship_server.obj
 0001:00032a20       _ShipSend0D                00433a20 f   ship_server.obj
 0001:00032af0       _ShipSend0E                00433af0 f   ship_server.obj
 0001:00032bd0       _ShowArrows                00433bd0 f   ship_server.obj
 0001:00032e00       _SkipToLevel               00433e00 f   ship_server.obj
 0001:000333b0       _SortBankItems             004343b0 f   ship_server.obj
 0001:00033700       _SortClientItems           00434700 f   ship_server.obj
 0001:000338f0       _SortGuildCard             004348f0 f   ship_server.obj
 0001:00033a10       _TeamChat                  00434a10 f   ship_server.obj
 0001:00033b50       _Unicode_to_ASCII          00434b50 f   ship_server.obj
 0001:00033c30       _UpdateGameItem            00434c30 f   ship_server.obj
 0001:00033d40       _UpdateTeamFlag            00434d40 f   ship_server.obj
 0001:00033e30       _UseItem                   00434e30 f   ship_server.obj
 0001:00037460       _WithdrawFromBank          00438460 f   ship_server.obj
 0001:00037c30       _WndProc@16                00438c30 f   ship_server.obj
 0001:00037d80       _WriteGM                   00438d80 f   ship_server.obj
 0001:00037f80       _WriteLog                  00438f80 f   ship_server.obj
 0001:00038180       _ban                       00439180 f   ship_server.obj
 0001:00038480       _check_equip               00439480 f   ship_server.obj
 0001:00038520       _compressShipPacket        00439520 f   ship_server.obj
 0001:00038650       _convertIPString           00439650 f   ship_server.obj
 0001:000388f0       _convertMask               004398f0 f   ship_server.obj
 0001:00038b60       _debug                     00439b60 f   ship_server.obj
 0001:00038c60       _debug_perror              00439c60 f   ship_server.obj
 0001:00038cd0       _decompressShipPacket      00439cd0 f   ship_server.obj
 0001:00038df0       _decryptcopy               00439df0 f   ship_server.obj
 0001:00038e70       _display_packet            00439e70 f   ship_server.obj
 0001:00038ef0       _encryptcopy               00439ef0 f   ship_server.obj
 0001:00039030       _free_connection           0043a030 f   ship_server.obj
 0001:000390b0       _free_game                 0043a0b0 f   ship_server.obj
 0001:00039140       _free_game_item            0043a140 f   ship_server.obj
 0001:00039330       _getbit                    0043a330 f   ship_server.obj
 0001:00039390       _hexToByte                 0043a390 f   ship_server.obj
 0001:00039480       _initialize_connection     0043a480 f   ship_server.obj
 0001:00039720       _initialize_game           0043a720 f   ship_server.obj
 0001:0003c670       _initialize_logon          0043d670 f   ship_server.obj
 0001:0003c780       _isLocalGM                 0043d780 f   ship_server.obj
 0001:0003c800       _load_config_file          0043d800 f   ship_server.obj
 0001:0003d290       _load_language_file        0043e290 f   ship_server.obj
 0001:0003d760       _load_mask_file            0043e760 f   ship_server.obj
 0001:0003d9c0       _main                      0043e9c0 f   ship_server.obj
 0001:000424e0       _packet_to_text            004434e0 f   ship_server.obj
 0001:000427b0       _playerHasRights           004437b0 f   ship_server.obj
 0001:00042870       _prepare_key               00443870 f   ship_server.obj
 0001:000429e0       _prs_compress              004439e0 f   ship_server.obj
 0001:00042c50       _prs_copy                  00443c50 f   ship_server.obj
 0001:00042cf0       _prs_decompress            00443cf0 f   ship_server.obj
 0001:00043080       _prs_decompress_size       00444080 f   ship_server.obj
 0001:000433d0       _prs_finish                004443d0 f   ship_server.obj
 0001:00043490       _prs_get_static_data       00444490 f   ship_server.obj
 0001:000434f0       _prs_init                  004444f0 f   ship_server.obj
 0001:00043580       _prs_longcopy              00444580 f   ship_server.obj
 0001:000436d0       _prs_put_control_bit       004446d0 f   ship_server.obj
 0001:000437b0       _prs_put_control_bit_nosave 004447b0 f   ship_server.obj
 0001:00043850       _prs_put_control_save      00444850 f   ship_server.obj
 0001:000438c0       _prs_put_static_data       004448c0 f   ship_server.obj
 0001:00043910       _prs_rawbyte               00444910 f   ship_server.obj
 0001:000439a0       _prs_shortcopy             004449a0 f   ship_server.obj
 0001:00043a70       _pso_crypt_decrypt_bb      00444a70 f   ship_server.obj
 0001:00043d50       _pso_crypt_encrypt_bb      00444d50 f   ship_server.obj
 0001:000440d0       _pso_crypt_table_init_bb   004450d0 f   ship_server.obj
 0001:00044ee0       _qflag                     00445ee0 f   ship_server.obj
 0001:00044f60       _qflag_ep1solo             00445f60 f   ship_server.obj
 0001:00045000       _rc4                       00446000 f   ship_server.obj
 0001:00045180       _readLocalGMFile           00446180 f   ship_server.obj
 0001:00045650       _reconnect_logon           00446650 f   ship_server.obj
 0001:00045720       _removeClientFromLobby     00446720 f   ship_server.obj
 0001:00045aa0       _start_encryption          00446aa0 f   ship_server.obj
 0001:00045e20       _stfu                      00446e20 f   ship_server.obj
 0001:00045ea0       _tcp_accept                00446ea0 f   ship_server.obj
 0001:00045f20       _tcp_listen                00446f20 f   ship_server.obj
 0001:00045fc0       _tcp_sock_connect          00446fc0 f   ship_server.obj
 0001:00046100       _tcp_sock_open             00447100 f   ship_server.obj
 0001:00046340       _toggle_stfu               00447340 f   ship_server.obj
 0001:000464c0       _wstrcpy                   004474c0 f   ship_server.obj
 0001:00046540       _wstrcpy_char              00447540 f   ship_server.obj
 0001:000465e0       _wstrlen                   004475e0 f   ship_server.obj
 0001:00046640       ___WSAFDIsSet@8            00447640 f   wsock32:WSOCK32.dll
 0001:00046646       _accept@12                 00447646 f   wsock32:WSOCK32.dll
 0001:0004664c       _bind@12                   0044764c f   wsock32:WSOCK32.dll
 0001:00046652       _closesocket@4             00447652 f   wsock32:WSOCK32.dll
 0001:00046658       _connect@12                00447658 f   wsock32:WSOCK32.dll
 0001:0004665e       _htons@4                   0044765e f   wsock32:WSOCK32.dll
 0001:00046664       _inet_addr@4               00447664 f   wsock32:WSOCK32.dll
 0001:0004666a       _inet_ntoa@4               0044766a f   wsock32:WSOCK32.dll
 0001:00046670       _listen@8                  00447670 f   wsock32:WSOCK32.dll
 0001:00046676       _recv@16                   00447676 f   wsock32:WSOCK32.dll
 0001:0004667c       _select@20                 0044767c f   wsock32:WSOCK32.dll
 0001:00046682       _send@16                   00447682 f   wsock32:WSOCK32.dll
 0001:00046688       _setsockopt@20             00447688 f   wsock32:WSOCK32.dll
 0001:0004668e       _socket@12                 0044768e f   wsock32:WSOCK32.dll
 0001:00046694       _gethostbyname@4           00447694 f   wsock32:WSOCK32.dll
 0001:0004669a       _WSAStartup@8              0044769a f   wsock32:WSOCK32.dll
 0001:000466a0       _WSAGetLastError@0         004476a0 f   wsock32:WSOCK32.dll
 0001:000466a6       _GetLocalTime@4            004476a6 f   kernel32:KERNEL32.dll
 0001:000466ac       _GetModuleHandleA@4        004476ac f   kernel32:KERNEL32.dll
 0001:000466b2       _SetConsoleTitleA@4        004476b2 f   kernel32:KERNEL32.dll
 0001:000466b8       _GetConsoleWindow@0        004476b8 f   kernel32:KERNEL32.dll
 0001:000466be       _TranslateMessage@4        004476be f   user32:USER32.dll
 0001:000466c4       _DispatchMessageA@4        004476c4 f   user32:USER32.dll
 0001:000466ca       _PeekMessageA@20           004476ca f   user32:USER32.dll
 0001:000466d0       _DefWindowProcA@16         004476d0 f   user32:USER32.dll
 0001:000466d6       _RegisterClassA@4          004476d6 f   user32:USER32.dll
 0001:000466dc       _CreateWindowExA@48        004476dc f   user32:USER32.dll
 0001:000466e2       _ShowWindow@8              004476e2 f   user32:USER32.dll
 0001:000466e8       _SetFocus@4                004476e8 f   user32:USER32.dll
 0001:000466ee       _UpdateWindow@4            004476ee f   user32:USER32.dll
 0001:000466f4       _SetForegroundWindow@4     004476f4 f   user32:USER32.dll
 0001:000466fa       _LoadCursorA@8             004476fa f   user32:USER32.dll
 0001:00046700       _LoadIconA@8               00447700 f   user32:USER32.dll
 0001:00046706       _GetStockObject@4          00447706 f   gdi32:GDI32.dll
 0001:0004670c       _Shell_NotifyIconA@8       0044770c f   shell32:SHELL32.dll
 0001:00046720       ___raise_securityfailure   00447720 f   LIBCMTD:gs_report.obj
 0001:00046770       ___report_gsfailure        00447770 f   LIBCMTD:gs_report.obj
 0001:00046880       ___report_rangecheckfailure 00447880 f   LIBCMTD:gs_report.obj
 0001:00046890       ___report_securityfailure  00447890 f   LIBCMTD:gs_report.obj
 0001:00046970       ___report_securityfailureEx 00447970 f   LIBCMTD:gs_report.obj
 0001:00046aa0       ??0_LocaleUpdate@@QAE@PAUlocaleinfo_struct@@@Z 00447aa0 f i LIBCMTD:tolower.obj
 0001:00046b80       ??1_LocaleUpdate@@QAE@XZ   00447b80 f i LIBCMTD:tolower.obj
 0001:00046bb0       ?GetLocaleT@_LocaleUpdate@@QAEPAUlocaleinfo_struct@@XZ 00447bb0 f i LIBCMTD:tolower.obj
 0001:00046bc0       __tolower                  00447bc0 f   LIBCMTD:tolower.obj
 0001:00046bd0       __tolower_l                00447bd0 f   LIBCMTD:tolower.obj
 0001:00046e10       _tolower                   00447e10 f   LIBCMTD:tolower.obj
 0001:00047010       _memcmp                    00448010 f   LIBCMTD:memcmp.obj
 0001:000478e0       _memcpy                    004488e0 f   LIBCMTD:memcpy.obj
 0001:00047f30       _memset                    00448f30 f   LIBCMTD:memset.obj
 0001:00047fc0       _strcpy                    00448fc0 f   LIBCMTD:strcat.obj
 0001:00047fd0       _strcat                    00448fd0 f   LIBCMTD:strcat.obj
 0001:000480c0       _strcmp                    004490c0 f   LIBCMTD:strcmp.obj
 0001:00048150       _strlen                    00449150 f   LIBCMTD:strlen.obj
 0001:000481e0       _strcspn                   004491e0 f   LIBCMTD:strcspn.obj
 0001:00048230       __get_sys_err_msg          00449230 f i LIBCMTD:strerror.obj
 0001:00048270       __invoke_watson_if_error   00449270 f i LIBCMTD:strerror.obj
 0001:000482a0       _strerror                  004492a0 f   LIBCMTD:strerror.obj
 0001:00048350       _strerror_s                00449350 f   LIBCMTD:strerror.obj
 0001:000484a0       _strstr                    004494a0 f   LIBCMTD:strstr.obj
 0001:00048710       _strtok                    00449710 f   LIBCMTD:strtok.obj
 0001:00048cf0       __MallocaIsSizeInRange     00449cf0 f i LIBCMTD:strupr.obj
 0001:00048d20       __MarkAllocaS              00449d20 f i LIBCMTD:strupr.obj
 0001:00048d40       __freea                    00449d40 f i LIBCMTD:strupr.obj
 0001:00048d80       __strupr                   00449d80 f   LIBCMTD:strupr.obj
 0001:00048e70       __strupr_l                 00449e70 f   LIBCMTD:strupr.obj
 0001:00048e90       __strupr_s                 00449e90 f   LIBCMTD:strupr.obj
 0001:00048eb0       __strupr_s_l               00449eb0 f   LIBCMTD:strupr.obj
 0001:00048ef0       ___doserrno                00449ef0 f   LIBCMTD:dosmap.obj
 0001:00048f20       __dosmaperr                00449f20 f   LIBCMTD:dosmap.obj
 0001:00048f50       __errno                    00449f50 f   LIBCMTD:dosmap.obj
 0001:00048f80       __get_doserrno             00449f80 f   LIBCMTD:dosmap.obj
 0001:00049010       __get_errno                0044a010 f   LIBCMTD:dosmap.obj
 0001:000490a0       __get_errno_from_oserr     0044a0a0 f   LIBCMTD:dosmap.obj
 0001:00049120       __set_doserrno             0044a120 f   LIBCMTD:dosmap.obj
 0001:00049150       __set_errno                0044a150 f   LIBCMTD:dosmap.obj
 0001:00049180       ___copy_path_to_wide_string 0044a180 f   LIBCMTD:crt0dat.obj
 0001:00049370       ___copy_to_char            0044a370 f   LIBCMTD:crt0dat.obj
 0001:00049560       ___crtCorExitProcess       0044a560 f   LIBCMTD:crt0dat.obj
 0001:000495a0       ___crtExitProcess          0044a5a0 f   LIBCMTD:crt0dat.obj
 0001:000495c0       ___freeCrtMemory           0044a5c0 f   LIBCMTD:crt0dat.obj
 0001:00049790       __amsg_exit                0044a790 f   LIBCMTD:crt0dat.obj
 0001:000497b0       __c_exit                   0044a7b0 f   LIBCMTD:crt0dat.obj
 0001:000497d0       __cexit                    0044a7d0 f   LIBCMTD:crt0dat.obj
 0001:000497f0       __cinit                    0044a7f0 f   LIBCMTD:crt0dat.obj
 0001:00049890       __exit                     0044a890 f   LIBCMTD:crt0dat.obj
 0001:000498b0       __exit_app                 0044a8b0 f   LIBCMTD:crt0dat.obj
 0001:000498d0       __get_pgmptr               0044a8d0 f   LIBCMTD:crt0dat.obj
 0001:000499f0       __get_wpgmptr              0044a9f0 f   LIBCMTD:crt0dat.obj
 0001:00049b10       __init_pointers            0044ab10 f   LIBCMTD:crt0dat.obj
 0001:00049ba0       __initterm_e               0044aba0 f   LIBCMTD:crt0dat.obj
 0001:00049be0       __lockexit                 0044abe0 f   LIBCMTD:crt0dat.obj
 0001:00049bf0       __unlockexit               0044abf0 f   LIBCMTD:crt0dat.obj
 0001:00049df0       _exit                      0044adf0 f   LIBCMTD:crt0dat.obj
 0001:00049e10       __atoi64                   0044ae10 f   LIBCMTD:atox.obj
 0001:00049e30       __atoi64_l                 0044ae30 f   LIBCMTD:atox.obj
 0001:00049e50       __atoi_l                   0044ae50 f   LIBCMTD:atox.obj
 0001:00049e70       __atol_l                   0044ae70 f   LIBCMTD:atox.obj
 0001:00049e90       __atoll_l                  0044ae90 f   LIBCMTD:atox.obj
 0001:00049eb0       _atoi                      0044aeb0 f   LIBCMTD:atox.obj
 0001:00049ed0       _atol                      0044aed0 f   LIBCMTD:atox.obj
 0001:00049ef0       _atoll                     0044aef0 f   LIBCMTD:atox.obj
 0001:0004a010       __i64toa                   0044b010 f   LIBCMTD:xtoa.obj
 0001:0004a060       __itoa                     0044b060 f   LIBCMTD:xtoa.obj
 0001:0004a0a0       __ltoa                     0044b0a0 f   LIBCMTD:xtoa.obj
 0001:0004a0e0       __ui64toa                  0044b0e0 f   LIBCMTD:xtoa.obj
 0001:0004a100       __ultoa                    0044b100 f   LIBCMTD:xtoa.obj
 0001:0004a1f0       _free                      0044b1f0 f   LIBCMTD:dbgfree.obj
 0001:0004a210       _malloc                    0044b210 f   LIBCMTD:dbgmalloc.obj
 0001:0004a240       ___initstdio               0044b240 f   LIBCMTD:_file.obj
 0001:0004a310       ___endstdio                0044b310 f   LIBCMTD:_file.obj
 0001:0004a350       ___iob_func                0044b350 f   LIBCMTD:_file.obj
 0001:0004a360       __lock_file                0044b360 f   LIBCMTD:_file.obj
 0001:0004a3c0       __lock_file2               0044b3c0 f   LIBCMTD:_file.obj
 0001:0004a400       __unlock_file              0044b400 f   LIBCMTD:_file.obj
 0001:0004a460       __unlock_file2             0044b460 f   LIBCMTD:_file.obj
 0001:0004a4a0       __fclose_nolock            0044b4a0 f   LIBCMTD:fclose.obj
 0001:0004a5b0       _fclose                    0044b5b0 f   LIBCMTD:fclose.obj
 0001:0004a6d0       _feof                      0044b6d0 f   LIBCMTD:feoferr.obj
 0001:0004a760       _ferror                    0044b760 f   LIBCMTD:feoferr.obj
 0001:0004a7f0       _fgets                     0044b7f0 f   LIBCMTD:fgets.obj
 0001:0004abc0       __fsopen                   0044bbc0 f   LIBCMTD:fopen.obj
 0001:0004ae10       _fopen                     0044be10 f   LIBCMTD:fopen.obj
 0001:0004ae30       _fopen_s                   0044be30 f   LIBCMTD:fopen.obj
 0001:0004aef0       __fprintf_l                0044bef0 f   LIBCMTD:fprintf.obj
 0001:0004af20       __fprintf_p                0044bf20 f   LIBCMTD:fprintf.obj
 0001:0004af50       __fprintf_p_l              0044bf50 f   LIBCMTD:fprintf.obj
 0001:0004af80       __fprintf_s_l              0044bf80 f   LIBCMTD:fprintf.obj
 0001:0004afb0       _fprintf                   0044bfb0 f   LIBCMTD:fprintf.obj
 0001:0004b280       _fprintf_s                 0044c280 f   LIBCMTD:fprintf.obj
 0001:0004b2b0       __fread_nolock             0044c2b0 f   LIBCMTD:fread.obj
 0001:0004b2d0       __fread_nolock_s           0044c2d0 f   LIBCMTD:fread.obj
 0001:0004b900       _fread                     0044c900 f   LIBCMTD:fread.obj
 0001:0004b920       _fread_s                   0044c920 f   LIBCMTD:fread.obj
 0001:0004ba70       __fseek_nolock             0044ca70 f   LIBCMTD:fseek.obj
 0001:0004bb60       _fseek                     0044cb60 f   LIBCMTD:fseek.obj
 0001:0004bcf0       __ftell_nolock             0044ccf0 f   LIBCMTD:ftell.obj
 0001:0004c3b0       _ftell                     0044d3b0 f   LIBCMTD:ftell.obj
 0001:0004c4b0       __fwrite_nolock            0044d4b0 f   LIBCMTD:fwrite.obj
 0001:0004c8c0       _fwrite                    0044d8c0 f   LIBCMTD:fwrite.obj
 0001:0004c9e0       __gets_helper              0044d9e0 f   LIBCMTD:gets.obj
 0001:0004d030       _gets                      0044e030 f   LIBCMTD:gets.obj
 0001:0004d050       _gets_s                    0044e050 f   LIBCMTD:gets.obj
 0001:0004d070       __get_printf_count_output  0044e070 f   LIBCMTD:printf.obj
 0001:0004d0a0       __printf_l                 0044e0a0 f   LIBCMTD:printf.obj
 0001:0004d0d0       __printf_p                 0044e0d0 f   LIBCMTD:printf.obj
 0001:0004d0f0       __printf_p_l               0044e0f0 f   LIBCMTD:printf.obj
 0001:0004d120       __printf_s_l               0044e120 f   LIBCMTD:printf.obj
 0001:0004d150       __set_printf_count_output  0044e150 f   LIBCMTD:printf.obj
 0001:0004d1b0       _printf                    0044e1b0 f   LIBCMTD:printf.obj
 0001:0004d330       _printf_s                  0044e330 f   LIBCMTD:printf.obj
 0001:0004d350       __scprintf                 0044e350 f   LIBCMTD:sprintf.obj
 0001:0004d370       __scprintf_l               0044e370 f   LIBCMTD:sprintf.obj
 0001:0004d3a0       __scprintf_p               0044e3a0 f   LIBCMTD:sprintf.obj
 0001:0004d3c0       __scprintf_p_l             0044e3c0 f   LIBCMTD:sprintf.obj
 0001:0004d3f0       __snprintf_s               0044e3f0 f   LIBCMTD:sprintf.obj
 0001:0004d420       __snprintf_s_l             0044e420 f   LIBCMTD:sprintf.obj
 0001:0004d450       __sprintf_l                0044e450 f   LIBCMTD:sprintf.obj
 0001:0004d480       __sprintf_p                0044e480 f   LIBCMTD:sprintf.obj
 0001:0004d4b0       __sprintf_p_l              0044e4b0 f   LIBCMTD:sprintf.obj
 0001:0004d4e0       __sprintf_s_l              0044e4e0 f   LIBCMTD:sprintf.obj
 0001:0004d510       _sprintf                   0044e510 f   LIBCMTD:sprintf.obj
 0001:0004d6d0       _sprintf_s                 0044e6d0 f   LIBCMTD:sprintf.obj
 0001:0004d700       __vscprintf                0044e700 f   LIBCMTD:vsprintf.obj
 0001:0004d720       __vscprintf_helper         0044e720 f   LIBCMTD:vsprintf.obj
 0001:0004d810       __vscprintf_l              0044e810 f   LIBCMTD:vsprintf.obj
 0001:0004d830       __vscprintf_p              0044e830 f   LIBCMTD:vsprintf.obj
 0001:0004d850       __vscprintf_p_l            0044e850 f   LIBCMTD:vsprintf.obj
 0001:0004d870       __vsprintf_l               0044e870 f   LIBCMTD:vsprintf.obj
 0001:0004da30       _vsprintf                  0044ea30 f   LIBCMTD:vsprintf.obj
 0001:0004da50       __time64                   0044ea50 f   LIBCMTD:time64.obj
 0001:0004dad0       @_RTC_AllocaHelper@12      0044ead0 f   LIBCMTD:stack.obj
 0001:0004db10       @_RTC_CheckStackVars2@12   0044eb10 f   LIBCMTD:stack.obj
 0001:0004dbf0       @_RTC_CheckStackVars@8     0044ebf0 f   LIBCMTD:stack.obj
 0001:0004dc50       __RTC_CheckEsp             0044ec50 f   LIBCMTD:stack.obj
 0001:0004dc80       @__security_check_cookie@4 0044ec80 f   LIBCMTD:secchk.obj
 0001:0004dc90       __RTC_InitBase             0044ec90 f   LIBCMTD:init.obj
 0001:0004dcc0       __RTC_Shutdown             0044ecc0 f   LIBCMTD:init.obj
 0001:0004de30       ?_RTC_AllocaFailure@@YAXPAXPAU_RTC_ALLOCA_NODE@@H@Z 0044ee30 f   LIBCMTD:error.obj
 0001:0004dfb0       ?_RTC_Failure@@YAXPAXH@Z   0044efb0 f   LIBCMTD:error.obj
 0001:0004e000       ?_RTC_StackFailure@@YAXPAXPBD@Z 0044f000 f   LIBCMTD:error.obj
 0001:0004e380       __RTC_UninitUse            0044f380 f   LIBCMTD:error.obj
 0001:0004e470       __alldiv                   0044f470 f   LIBCMTD:lldiv.obj
 0001:0004e520       __alloca_probe             0044f520 f   LIBCMTD:chkstk.obj
 0001:0004e520       __chkstk                   0044f520 f   LIBCMTD:chkstk.obj
 0001:0004e550       __fpmath                   0044f550 f   LIBCMTD:fpinit.obj
 0001:0004e570       ___setfflag                0044f570 f   LIBCMTD:fpinit.obj
 0001:0004e590       __cfltcvt_init             0044f590 f   LIBCMTD:fpinit.obj
 0001:0004e8b0       _mainCRTStartup            0044f8b0 f   LIBCMTD:crt0.obj
 0001:0004e8c0       __allshl                   0044f8c0 f   LIBCMTD:llshl.obj
 0001:0004e8e0       __set_abort_behavior       0044f8e0 f   LIBCMTD:abort.obj
 0001:0004e910       _abort                     0044f910 f   LIBCMTD:abort.obj
 0001:0004e980       __ftime64                  0044f980 f   LIBCMTD:ftime64.obj
 0001:0004e9a0       __ftime64_s                0044f9a0 f   LIBCMTD:ftime64.obj
 0001:0004ebd0       __allmul                   0044fbd0 f   LIBCMTD:llmul.obj
 0001:0004ec10       __fscanf_l                 0044fc10 f   LIBCMTD:fscanf.obj
 0001:0004ec40       __fscanf_s_l               0044fc40 f   LIBCMTD:fscanf.obj
 0001:0004ec70       _fscanf                    0044fc70 f   LIBCMTD:fscanf.obj
 0001:0004eca0       _fscanf_s                  0044fca0 f   LIBCMTD:fscanf.obj
 0001:0004ecd0       _vfscanf                   0044fcd0 f   LIBCMTD:fscanf.obj
 0001:0004ecf0       _vfscanf_fn                0044fcf0 f   LIBCMTD:fscanf.obj
 0001:0004efa0       _vfscanf_s                 0044ffa0 f   LIBCMTD:fscanf.obj
 0001:0004efc0       __CrtDefaultAllocHook      0044ffc0 f   LIBCMTD:dbghook.obj
 0001:0004efd0       __crt_debugger_hook        0044ffd0 f   LIBCMTD:dbghook.obj
 0001:0004f030       ___crtCloseThreadpoolTimer 00450030 f   LIBCMTD:winapisupp.obj
 0001:0004f060       ___crtCloseThreadpoolWait  00450060 f   LIBCMTD:winapisupp.obj
 0001:0004f090       ___crtCreateEventExW       00450090 f   LIBCMTD:winapisupp.obj
 0001:0004f0f0       ___crtCreateSemaphoreExW   004500f0 f   LIBCMTD:winapisupp.obj
 0001:0004f150       ___crtCreateSymbolicLinkW  00450150 f   LIBCMTD:winapisupp.obj
 0001:0004f190       ___crtCreateThreadpoolTimer 00450190 f   LIBCMTD:winapisupp.obj
 0001:0004f1d0       ___crtCreateThreadpoolWait 004501d0 f   LIBCMTD:winapisupp.obj
 0001:0004f210       ___crtFlsAlloc             00450210 f   LIBCMTD:winapisupp.obj
 0001:0004f240       ___crtFlsFree              00450240 f   LIBCMTD:winapisupp.obj
 0001:0004f280       ___crtFlsGetValue          00450280 f   LIBCMTD:winapisupp.obj
 0001:0004f2c0       ___crtFlsSetValue          004502c0 f   LIBCMTD:winapisupp.obj
 0001:0004f300       ___crtFlushProcessWriteBuffers 00450300 f   LIBCMTD:winapisupp.obj
 0001:0004f330       ___crtFreeLibraryWhenCallbackReturns 00450330 f   LIBCMTD:winapisupp.obj
 0001:0004f360       ___crtGetCurrentProcessorNumber 00450360 f   LIBCMTD:winapisupp.obj
 0001:0004f390       ___crtGetFileInformationByHandleEx 00450390 f   LIBCMTD:winapisupp.obj
 0001:0004f3d0       ___crtGetLogicalProcessorInformation 004503d0 f   LIBCMTD:winapisupp.obj
 0001:0004f410       ___crtGetShowWindowMode    00450410 f   LIBCMTD:winapisupp.obj
 0001:0004f440       ___crtGetTickCount64       00450440 f   LIBCMTD:winapisupp.obj
 0001:0004f470       ___crtInitializeCriticalSectionEx 00450470 f   LIBCMTD:winapisupp.obj
 0001:0004f4c0       ___crtIsPackagedApp        004504c0 f   LIBCMTD:winapisupp.obj
 0001:0004f500       ___crtLoadWinApiPointers   00450500 f   LIBCMTD:winapisupp.obj
 0001:0004f9a0       ___crtSetFileInformationByHandle 004509a0 f   LIBCMTD:winapisupp.obj
 0001:0004f9e0       ___crtSetThreadStackGuarantee 004509e0 f   LIBCMTD:winapisupp.obj
 0001:0004fa10       ___crtSetThreadpoolTimer   00450a10 f   LIBCMTD:winapisupp.obj
 0001:0004fa50       ___crtSetThreadpoolWait    00450a50 f   LIBCMTD:winapisupp.obj
 0001:0004fa80       ___crtSetUnhandledExceptionFilter 00450a80 f   LIBCMTD:winapisupp.obj
 0001:0004fa90       ___crtSleep                00450a90 f   LIBCMTD:winapisupp.obj
 0001:0004faa0       ___crtTerminateProcess     00450aa0 f   LIBCMTD:winapisupp.obj
 0001:0004fac0       ___crtUnhandledException   00450ac0 f   LIBCMTD:winapisupp.obj
 0001:0004fae0       ___crtWaitForThreadpoolTimerCallbacks 00450ae0 f   LIBCMTD:winapisupp.obj
 0001:0004fb10       ___addlocaleref            00450b10 f   LIBCMTD:localref.obj
 0001:0004fc30       ___freetlocinfo            00450c30 f   LIBCMTD:localref.obj
 0001:0004ff20       ___removelocaleref         00450f20 f   LIBCMTD:localref.obj
 0001:00050040       ___updatetlocinfo          00451040 f   LIBCMTD:localref.obj
 0001:00050110       __updatetlocinfoEx_nolock  00451110 f   LIBCMTD:localref.obj
 0001:00050190       ___initmbctable            00451190 f   LIBCMTD:mbctype.obj
 0001:000507b0       ___updatetmbcinfo          004517b0 f   LIBCMTD:mbctype.obj
 0001:000508d0       __getmbcp                  004518d0 f   LIBCMTD:mbctype.obj
 0001:00050940       __setmbcp                  00451940 f   LIBCMTD:mbctype.obj
 0001:00050be0       __setmbcp_nolock           00451be0 f   LIBCMTD:mbctype.obj
 0001:00050f60       __chvalidator              00451f60 f   LIBCMTD:isctype.obj
 0001:00050fb0       __chvalidator_l            00451fb0 f   LIBCMTD:isctype.obj
 0001:00051070       __isctype                  00452070 f   LIBCMTD:isctype.obj
 0001:000510b0       __isctype_l                004520b0 f   LIBCMTD:isctype.obj
 0001:00051200       ___iswcsym                 00452200 f i LIBCMTD:_wctype.obj
 0001:00051240       ___iswcsymf                00452240 f i LIBCMTD:_wctype.obj
 0001:00051280       __isleadbyte_l             00452280 f i LIBCMTD:_wctype.obj
 0001:000512d0       __iswalnum_l               004522d0 f i LIBCMTD:_wctype.obj
 0001:000512f0       __iswalpha_l               004522f0 f i LIBCMTD:_wctype.obj
 0001:00051310       __iswblank_l               00452310 f i LIBCMTD:_wctype.obj
 0001:00051340       __iswcntrl_l               00452340 f i LIBCMTD:_wctype.obj
 0001:00051360       __iswcsym_l                00452360 f i LIBCMTD:_wctype.obj
 0001:000513a0       __iswcsymf_l               004523a0 f i LIBCMTD:_wctype.obj
 0001:000513e0       __iswdigit_l               004523e0 f i LIBCMTD:_wctype.obj
 0001:00051400       __iswgraph_l               00452400 f i LIBCMTD:_wctype.obj
 0001:00051420       __iswlower_l               00452420 f i LIBCMTD:_wctype.obj
 0001:00051440       __iswprint_l               00452440 f i LIBCMTD:_wctype.obj
 0001:00051460       __iswpunct_l               00452460 f i LIBCMTD:_wctype.obj
 0001:00051480       __iswspace_l               00452480 f i LIBCMTD:_wctype.obj
 0001:000514a0       __iswupper_l               004524a0 f i LIBCMTD:_wctype.obj
 0001:000514c0       __iswxdigit_l              004524c0 f i LIBCMTD:_wctype.obj
 0001:000514e0       _isleadbyte                004524e0 f i LIBCMTD:_wctype.obj
 0001:00051500       _iswalnum                  00452500 f i LIBCMTD:_wctype.obj
 0001:00051520       _iswalpha                  00452520 f i LIBCMTD:_wctype.obj
 0001:00051540       _iswascii                  00452540 f i LIBCMTD:_wctype.obj
 0001:00051570       _iswblank                  00452570 f i LIBCMTD:_wctype.obj
 0001:000515a0       _iswcntrl                  004525a0 f i LIBCMTD:_wctype.obj
 0001:000515c0       _iswdigit                  004525c0 f i LIBCMTD:_wctype.obj
 0001:000515e0       _iswgraph                  004525e0 f i LIBCMTD:_wctype.obj
 0001:00051600       _iswlower                  00452600 f i LIBCMTD:_wctype.obj
 0001:00051620       _iswprint                  00452620 f i LIBCMTD:_wctype.obj
 0001:00051640       _iswpunct                  00452640 f i LIBCMTD:_wctype.obj
 0001:00051660       _iswspace                  00452660 f i LIBCMTD:_wctype.obj
 0001:00051680       _iswupper                  00452680 f i LIBCMTD:_wctype.obj
 0001:000516a0       _iswxdigit                 004526a0 f i LIBCMTD:_wctype.obj
 0001:000519f0       ___crtLCMapStringA         004529f0 f   LIBCMTD:a_map.obj
 0001:00051a50       ___get_flsindex            00452a50 f   LIBCMTD:tidtable.obj
 0001:00051a60       ___threadhandle            00452a60 f   LIBCMTD:tidtable.obj
 0001:00051a70       ___threadid                00452a70 f   LIBCMTD:tidtable.obj
 0001:00051a80       __freefls@4                00452a80 f   LIBCMTD:tidtable.obj
 0001:00051c80       __freeptd                  00452c80 f   LIBCMTD:tidtable.obj
 0001:00051cc0       __getptd                   00452cc0 f   LIBCMTD:tidtable.obj
 0001:00051cf0       __getptd_noexit            00452cf0 f   LIBCMTD:tidtable.obj
 0001:00051da0       __initptd                  00452da0 f   LIBCMTD:tidtable.obj
 0001:00051ee0       __mtinit                   00452ee0 f   LIBCMTD:tidtable.obj
 0001:00051f90       __mtterm                   00452f90 f   LIBCMTD:tidtable.obj
 0001:00051fc0       ___init_dummy              00452fc0 f   LIBCMTD:wsetloca.obj
 0001:00051fd0       __locterm                  00452fd0 f   LIBCMTD:wsetloca.obj
 0001:00052060       ____setlc_active_func      00453060 f   LIBCMTD:wsetloca.obj
 0001:00052070       ____unguarded_readlc_active_add_func 00453070 f   LIBCMTD:wsetloca.obj
 0001:00052080       ___copy_locale_name        00453080 f   LIBCMTD:wsetloca.obj
 0001:00052120       ___create_locale           00453120 f   LIBCMTD:wsetloca.obj
 0001:00052140       ___free_locale             00453140 f   LIBCMTD:wsetloca.obj
 0001:00052160       ___get_current_locale      00453160 f   LIBCMTD:wsetloca.obj
 0001:00052170       ___lc_lctowcs              00453170 f   LIBCMTD:wsetloca.obj
 0001:00052220       ___lc_wcstolc              00453220 f   LIBCMTD:wsetloca.obj
 0001:00052440       __configthreadlocale       00453440 f   LIBCMTD:wsetloca.obj
 0001:000525a0       __create_locale            004535a0 f   LIBCMTD:wsetloca.obj
 0001:00052610       __expandlocale             00453610 f   LIBCMTD:wsetloca.obj
 0001:00052b00       __free_locale              00453b00 f   LIBCMTD:wsetloca.obj
 0001:00052c30       __get_current_locale       00453c30 f   LIBCMTD:wsetloca.obj
 0001:00052d50       __wcreate_locale           00453d50 f   LIBCMTD:wsetloca.obj
 0001:00052f40       __wcscats                  00453f40 f   LIBCMTD:wsetloca.obj
 0001:00052fc0       __wsetlocale               00453fc0 f   LIBCMTD:wsetloca.obj
 0001:00054050       ___isa_available_init      00455050 f   LIBCMTD:cpu_disp.obj
 0001:00054300       __VEC_memset               00455300 f   LIBCMTD:p4_memset.obj
 0001:000543d0       ?_invalid_parameter@@YAXPBG00II@Z 004553d0 f   LIBCMTD:invarg.obj
 0001:00054400       ?_invoke_watson@@YAXPBG00II@Z 00455400 f   LIBCMTD:invarg.obj
 0001:00054420       __call_reportfault         00455420 f   LIBCMTD:invarg.obj
 0001:00054580       __get_invalid_parameter_handler 00455580 f   LIBCMTD:invarg.obj
 0001:000545b0       __initp_misc_invarg        004555b0 f   LIBCMTD:invarg.obj
 0001:000545c0       __invalid_parameter        004555c0 f   LIBCMTD:invarg.obj
 0001:00054620       __invoke_watson            00455620 f   LIBCMTD:invarg.obj
 0001:00054660       __set_invalid_parameter_handler 00455660 f   LIBCMTD:invarg.obj
 0001:000546a0       ___sys_errlist             004556a0 f   LIBCMTD:syserr.obj
 0001:000546b0       ___sys_nerr                004556b0 f   LIBCMTD:syserr.obj
 0001:000546c0       _strcpy_s                  004556c0 f   LIBCMTD:strcpy_s.obj
 0001:000549c0       _strncpy_s                 004559c0 f   LIBCMTD:strncpy_s.obj
 0001:00054de0       ?_CrtDbgReportW@@YAHHPBGH00ZZ 00455de0 f   LIBCMTD:dbgrptw.obj
 0001:00054e30       __CrtDbgReportW            00455e30 f   LIBCMTD:dbgrptw.obj
 0001:00054e80       __CrtDbgReportWV           00455e80 f i LIBCMTD:dbgrptw.obj
 0001:00054eb0       __CrtSetReportHookW2       00455eb0 f   LIBCMTD:dbgrptw.obj
 0001:00055200       ___crtMessageWindowW       00456200 f   LIBCMTD:dbgrptw.obj
 0001:000556b0       __invoke_watson_if_oneof   004566b0 f i LIBCMTD:dbgrptw.obj
 0001:00055b80       __CrtCheckMemory           00456b80 f   LIBCMTD:dbgheap.obj
 0001:00055fe0       __CrtDoForAllClientObjects 00456fe0 f   LIBCMTD:dbgheap.obj
 0001:00056110       __CrtDumpMemoryLeaks       00457110 f   LIBCMTD:dbgheap.obj
 0001:000561b0       __CrtGetAllocHook          004571b0 f   LIBCMTD:dbgheap.obj
 0001:000561c0       __CrtGetCheckCount         004571c0 f   LIBCMTD:dbgheap.obj
 0001:000561d0       __CrtGetDumpClient         004571d0 f   LIBCMTD:dbgheap.obj
 0001:000561e0       __CrtIsMemoryBlock         004571e0 f   LIBCMTD:dbgheap.obj
 0001:00056350       __CrtIsValidHeapPointer    00457350 f   LIBCMTD:dbgheap.obj
 0001:00056390       __CrtIsValidPointer        00457390 f   LIBCMTD:dbgheap.obj
 0001:000563c0       __CrtMemCheckpoint         004573c0 f   LIBCMTD:dbgheap.obj
 0001:000565f0       __CrtMemDifference         004575f0 f   LIBCMTD:dbgheap.obj
 0001:00056850       __CrtMemDumpAllObjectsSince 00457850 f   LIBCMTD:dbgheap.obj
 0001:00056890       __CrtMemDumpStatistics     00457890 f   LIBCMTD:dbgheap.obj
 0001:000569b0       __CrtReportBlockType       004579b0 f   LIBCMTD:dbgheap.obj
 0001:000569e0       __CrtSetAllocHook          004579e0 f   LIBCMTD:dbgheap.obj
 0001:00056a00       __CrtSetBreakAlloc         00457a00 f   LIBCMTD:dbgheap.obj
 0001:00056a20       __CrtSetCheckCount         00457a20 f   LIBCMTD:dbgheap.obj
 0001:00056a40       __CrtSetDbgBlockType       00457a40 f   LIBCMTD:dbgheap.obj
 0001:00056b30       __CrtSetDbgFlag            00457b30 f   LIBCMTD:dbgheap.obj
 0001:00056c80       __CrtSetDebugFillThreshold 00457c80 f   LIBCMTD:dbgheap.obj
 0001:00056ca0       __CrtSetDumpClient         00457ca0 f   LIBCMTD:dbgheap.obj
 0001:00056cc0       __aligned_free             00457cc0 f   LIBCMTD:dbgheap.obj
 0001:00056ce0       __aligned_free_dbg         00457ce0 f   LIBCMTD:dbgheap.obj
 0001:00056d90       __aligned_malloc           00457d90 f   LIBCMTD:dbgheap.obj
 0001:00056db0       __aligned_malloc_dbg       00457db0 f   LIBCMTD:dbgheap.obj
 0001:00056dd0       __aligned_msize            00457dd0 f   LIBCMTD:dbgheap.obj
 0001:00056df0       __aligned_msize_dbg        00457df0 f   LIBCMTD:dbgheap.obj
 0001:00056f10       __aligned_offset_malloc    00457f10 f   LIBCMTD:dbgheap.obj
 0001:00056f30       __aligned_offset_malloc_dbg 00457f30 f   LIBCMTD:dbgheap.obj
 0001:00057110       __aligned_offset_realloc   00458110 f   LIBCMTD:dbgheap.obj
 0001:00057140       __aligned_offset_realloc_dbg 00458140 f   LIBCMTD:dbgheap.obj
 0001:00057450       __aligned_offset_recalloc  00458450 f   LIBCMTD:dbgheap.obj
 0001:00057480       __aligned_offset_recalloc_dbg 00458480 f   LIBCMTD:dbgheap.obj
 0001:00057540       __aligned_realloc          00458540 f   LIBCMTD:dbgheap.obj
 0001:00057560       __aligned_realloc_dbg      00458560 f   LIBCMTD:dbgheap.obj
 0001:00057590       __aligned_recalloc         00458590 f   LIBCMTD:dbgheap.obj
 0001:000575c0       __aligned_recalloc_dbg     004585c0 f   LIBCMTD:dbgheap.obj
 0001:000575f0       __calloc_dbg               004585f0 f   LIBCMTD:dbgheap.obj
 0001:00057650       __calloc_dbg_impl          00458650 f   LIBCMTD:dbgheap.obj
 0001:000576d0       __expand                   004586d0 f   LIBCMTD:dbgheap.obj
 0001:00057700       __expand_dbg               00458700 f   LIBCMTD:dbgheap.obj
 0001:00057830       __free_dbg                 00458830 f   LIBCMTD:dbgheap.obj
 0001:000578b0       __free_dbg_nolock          004588b0 f   LIBCMTD:dbgheap.obj
 0001:00057db0       __free_nolock              00458db0 f   LIBCMTD:dbgheap.obj
 0001:00057dd0       __heap_alloc               00458dd0 f   LIBCMTD:dbgheap.obj
 0001:00057df0       __heap_alloc_dbg           00458df0 f   LIBCMTD:dbgheap.obj
 0001:00058210       __malloc_dbg               00459210 f   LIBCMTD:dbgheap.obj
 0001:00058240       __msize                    00459240 f   LIBCMTD:dbgheap.obj
 0001:00058260       __msize_dbg                00459260 f   LIBCMTD:dbgheap.obj
 0001:00058470       __nh_malloc                00459470 f   LIBCMTD:dbgheap.obj
 0001:00058490       __nh_malloc_dbg            00459490 f   LIBCMTD:dbgheap.obj
 0001:00058720       __realloc_dbg              00459720 f   LIBCMTD:dbgheap.obj
 0001:000587c0       __recalloc                 004597c0 f   LIBCMTD:dbgheap.obj
 0001:000587f0       __recalloc_dbg             004597f0 f   LIBCMTD:dbgheap.obj
 0001:00058eb0       _strchr                    00459eb0 f   LIBCMTD:strchr.obj
 0001:00058f1e       ___from_strstr_to_strchr   00459f1e     LIBCMTD:strchr.obj
 0001:00058fe0       _strnlen                   00459fe0 f   LIBCMTD:strlen_s.obj
 0001:00059020       __RTC_Initialize           0045a020 f   LIBCMTD:initsect.obj
 0001:00059050       __RTC_Terminate            0045a050 f   LIBCMTD:initsect.obj
 0001:00059080       __lock                     0045a080 f   LIBCMTD:mlock.obj
 0001:000590c0       __lockerr_exit             0045a0c0 f   LIBCMTD:mlock.obj
 0001:000590f0       __mtdeletelocks            0045a0f0 f   LIBCMTD:mlock.obj
 0001:000591b0       __mtinitlocknum            0045a1b0 f   LIBCMTD:mlock.obj
 0001:000592d0       __mtinitlocks              0045a2d0 f   LIBCMTD:mlock.obj
 0001:00059350       __unlock                   0045a350 f   LIBCMTD:mlock.obj
 0001:00059370       __FF_MSGBANNER             0045a370 f   LIBCMTD:crt0msg.obj
 0001:000593c0       __GET_RTERRMSG             0045a3c0 f   LIBCMTD:crt0msg.obj
 0001:00059400       __NMSG_WRITE               0045a400 f   LIBCMTD:crt0msg.obj
 0001:000597c0       __FindPESection            0045a7c0 f   LIBCMTD:pesect.obj
 0001:00059840       __IsNonwritableInCurrentImage 0045a840 f   LIBCMTD:pesect.obj
 0001:00059970       __ValidateImageBase        0045a970 f   LIBCMTD:pesect.obj
 0001:000599d0       ___onexitinit              0045a9d0 f   LIBCMTD:onexit.obj
 0001:00059a30       __onexit                   0045aa30 f   LIBCMTD:onexit.obj
 0001:00059bf0       _atexit                    0045abf0 f   LIBCMTD:onexit.obj
 0001:00059c20       __initp_misc_cfltcvt_tab   0045ac20 f   LIBCMTD:cmiscdat.obj
 0001:00059c60       ?_inconsistency@@YAXXZ     0045ac60 f   LIBCMTD:hooks.obj
 0001:00059cf0       ?terminate@@YAXXZ          0045acf0 f   LIBCMTD:hooks.obj
 0001:00059d70       ?unexpected@@YAXXZ         0045ad70 f   LIBCMTD:hooks.obj
 0001:00059da0       __initp_eh_hooks           0045ada0 f   LIBCMTD:hooks.obj
 0001:00059dc0       ?_query_new_handler@@YAP6AHI@ZXZ 0045adc0 f   LIBCMTD:handler.obj
 0001:00059de0       ?_set_new_handler@@YAP6AHI@ZH@Z 0045ade0 f   LIBCMTD:handler.obj
 0001:00059e20       ?_set_new_handler@@YAP6AHI@ZP6AHI@Z@Z 0045ae20 f   LIBCMTD:handler.obj
 0001:00059e60       __callnewh                 0045ae60 f   LIBCMTD:handler.obj
 0001:00059ea0       __initp_heap_handler       0045aea0 f   LIBCMTD:handler.obj
 0001:00059eb0       ___getlocaleinfo           0045aeb0 f   LIBCMTD:inithelp.obj
 0001:0005a1b0       __initp_misc_purevirt      0045b1b0 f   LIBCMTD:inithelp.obj
 0001:0005a1c0       ___fpecode                 0045b1c0 f   LIBCMTD:winsig.obj
 0001:0005a1d0       ___get_sigabrt             0045b1d0 f   LIBCMTD:winsig.obj
 0001:0005a1f0       ___pxcptinfoptrs           0045b1f0 f   LIBCMTD:winsig.obj
 0001:0005a200       __initp_misc_winsig        0045b200 f   LIBCMTD:winsig.obj
 0001:0005a330       _raise                     0045b330 f   LIBCMTD:winsig.obj
 0001:0005a6c0       _signal                    0045b6c0 f   LIBCMTD:winsig.obj
 0001:0005aa70       __initp_misc_rand_s        0045ba70 f   LIBCMTD:rand_s.obj
 0001:0005aa80       _rand_s                    0045ba80 f   LIBCMTD:rand_s.obj
 0001:0005ad40       __except_handler4          0045bd40 f   LIBCMTD:chandler4.obj
 0001:0005af00       __ftbuf                    0045bf00 f   LIBCMTD:_sftbuf.obj
 0001:0005af90       __stbuf                    0045bf90 f   LIBCMTD:_sftbuf.obj
 0001:0005b630       __strtof_l                 0045c630 f   LIBCMTD:strtoq.obj
 0001:0005b660       __strtoi64                 0045c660 f   LIBCMTD:strtoq.obj
 0001:0005b6b0       __strtoi64_l               0045c6b0 f   LIBCMTD:strtoq.obj
 0001:0005b6d0       __strtoimax_l              0045c6d0 f   LIBCMTD:strtoq.obj
 0001:0005b6f0       __strtold_l                0045c6f0 f   LIBCMTD:strtoq.obj
 0001:0005b710       __strtoll_l                0045c710 f   LIBCMTD:strtoq.obj
 0001:0005b730       __strtoui64                0045c730 f   LIBCMTD:strtoq.obj
 0001:0005b780       __strtoui64_l              0045c780 f   LIBCMTD:strtoq.obj
 0001:0005b7a0       __strtoull_l               0045c7a0 f   LIBCMTD:strtoq.obj
 0001:0005b7c0       __strtoumax_l              0045c7c0 f   LIBCMTD:strtoq.obj
 0001:0005b7e0       _strtof                    0045c7e0 f   LIBCMTD:strtoq.obj
 0001:0005b810       _strtoimax                 0045c810 f   LIBCMTD:strtoq.obj
 0001:0005b830       _strtold                   0045c830 f   LIBCMTD:strtoq.obj
 0001:0005b850       _strtoll                   0045c850 f   LIBCMTD:strtoq.obj
 0001:0005b870       _strtoull                  0045c870 f   LIBCMTD:strtoq.obj
 0001:0005b890       _strtoumax                 0045c890 f   LIBCMTD:strtoq.obj
 0001:0005bdb0       __strtol_l                 0045cdb0 f   LIBCMTD:strtol.obj
 0001:0005bdd0       __strtoul_l                0045cdd0 f   LIBCMTD:strtol.obj
 0001:0005bdf0       _strtol                    0045cdf0 f   LIBCMTD:strtol.obj
 0001:0005be40       _strtoul                   0045ce40 f   LIBCMTD:strtol.obj
 0001:0005be90       __aulldiv                  0045ce90 f   LIBCMTD:ulldiv.obj
 0001:0005bf00       __aullrem                  0045cf00 f   LIBCMTD:ullrem.obj
 0001:0005bf80       __fcloseall                0045cf80 f   LIBCMTD:closeall.obj
 0001:0005c0b0       __fflush_nolock            0045d0b0 f   LIBCMTD:fflush.obj
 0001:0005c120       __flush                    0045d120 f   LIBCMTD:fflush.obj
 0001:0005c1e0       __flushall                 0045d1e0 f   LIBCMTD:fflush.obj
 0001:0005c1f0       _fflush                    0045d1f0 f   LIBCMTD:fflush.obj
 0001:0005c430       __fileno                   0045d430 f   LIBCMTD:fileno.obj
 0001:0005c4c0       __close                    0045d4c0 f   LIBCMTD:close.obj
 0001:0005c700       __close_nolock             0045d700 f   LIBCMTD:close.obj
 0001:0005c7e0       __freebuf                  0045d7e0 f   LIBCMTD:_freebuf.obj
 0001:0005c870       __filbuf                   0045d870 f   LIBCMTD:_filbuf.obj
 0001:0005cae0       __ioinit                   0045dae0 f   LIBCMTD:ioinit.obj
 0001:0005cfc0       __ioterm                   0045dfc0 f   LIBCMTD:ioinit.obj
 0001:0005d060       __getstream                0045e060 f   LIBCMTD:stream.obj
 0001:0005d290       __openfile                 0045e290 f   LIBCMTD:_open.obj
 0001:0005da90       __local_unwind4            0045ea90 f   LIBCMTD:exsup4.obj
 0001:0005db66       __seh_longjmp_unwind4@4    0045eb66 f   LIBCMTD:exsup4.obj
 0001:0005db82       @_EH4_CallFilterFunc@8     0045eb82 f   LIBCMTD:exsup4.obj
 0001:0005db99       @_EH4_TransferToHandler@8  0045eb99 f   LIBCMTD:exsup4.obj
 0001:0005dbb2       @_EH4_GlobalUnwind2@8      0045ebb2 f   LIBCMTD:exsup4.obj
 0001:0005dbcb       @_EH4_LocalUnwind@16       0045ebcb f   LIBCMTD:exsup4.obj
 0001:0005dbf0       __vfprintf_l               0045ebf0 f   LIBCMTD:vfprintf.obj
 0001:0005dc20       __vfprintf_p               0045ec20 f   LIBCMTD:vfprintf.obj
 0001:0005dc40       __vfprintf_p_l             0045ec40 f   LIBCMTD:vfprintf.obj
 0001:0005dc70       __vfprintf_s_l             0045ec70 f   LIBCMTD:vfprintf.obj
 0001:0005dca0       _vfprintf                  0045eca0 f   LIBCMTD:vfprintf.obj
 0001:0005dcc0       _vfprintf_helper           0045ecc0 f   LIBCMTD:vfprintf.obj
 0001:0005df90       _vfprintf_s                0045ef90 f   LIBCMTD:vfprintf.obj
 0001:0005dfb0       __output_l                 0045efb0 f   LIBCMTD:output.obj
 0001:0005f660       _get_int64_arg             00460660 f i LIBCMTD:output.obj
 0001:0005f680       _get_int_arg               00460680 f i LIBCMTD:output.obj
 0001:0005f6a0       _get_short_arg             004606a0 f i LIBCMTD:output.obj
 0001:0005f860       _memcpy_s                  00460860 f   LIBCMTD:memcpy_s.obj
 0001:0005fa30       __read                     00460a30 f   LIBCMTD:read.obj
 0001:0005fd00       __read_nolock              00460d00 f   LIBCMTD:read.obj
 0001:00060f40       __lseek                    00461f40 f   LIBCMTD:lseek.obj
 0001:00061190       __lseek_nolock             00462190 f   LIBCMTD:lseek.obj
 0001:000612d0       __lseeki64                 004622d0 f   LIBCMTD:lseeki64.obj
 0001:00061540       __lseeki64_nolock          00462540 f   LIBCMTD:lseeki64.obj
 0001:00061610       __flsbuf                   00462610 f   LIBCMTD:_flsbuf.obj
 0001:000618e0       __write                    004628e0 f   LIBCMTD:write.obj
 0001:00061b30       __write_nolock             00462b30 f   LIBCMTD:write.obj
 0001:000628e0       __vprintf_l                004638e0 f   LIBCMTD:vprintf.obj
 0001:00062900       __vprintf_p                00463900 f   LIBCMTD:vprintf.obj
 0001:00062920       __vprintf_p_l              00463920 f   LIBCMTD:vprintf.obj
 0001:00062940       __vprintf_s_l              00463940 f   LIBCMTD:vprintf.obj
 0001:00062960       _vprintf                   00463960 f   LIBCMTD:vprintf.obj
 0001:00062980       _vprintf_helper            00463980 f   LIBCMTD:vprintf.obj
 0001:00062ac0       _vprintf_s                 00463ac0 f   LIBCMTD:vprintf.obj
 0001:00062ae0       __vsnprintf_c              00463ae0 f   LIBCMTD:vsnprnc.obj
 0001:00062b30       __vsnprintf_c_l            00463b30 f   LIBCMTD:vsnprnc.obj
 0001:00062b80       __vsnprintf_helper         00463b80 f   LIBCMTD:vsnprnc.obj
 0001:00062d80       __vsnprintf_s              00463d80 f   LIBCMTD:vsnprnc.obj
 0001:00062db0       __vsnprintf_s_l            00463db0 f   LIBCMTD:vsnprnc.obj
 0001:00063170       __vsprintf_p               00464170 f   LIBCMTD:vsnprnc.obj
 0001:000631c0       __vsprintf_p_l             004641c0 f   LIBCMTD:vsnprnc.obj
 0001:00063210       __vsprintf_s_l             00464210 f   LIBCMTD:vsnprnc.obj
 0001:000634a0       _vsprintf_s                004644a0 f   LIBCMTD:vsnprnc.obj
 0001:000634c0       __output_p_l               004644c0 f   LIBCMTD:outputp.obj
 0001:000672c0       __validate_param_reuseA    004682c0 f   LIBCMTD:outputp.obj
 0001:000675b0       _get_crtdouble_arg         004685b0 f i LIBCMTD:outputp.obj
 0001:00067770       ?_RTC_GetErrorFunc@@YAP6AHHPBDH00ZZPBX@Z 00468770 f   LIBCMTD:userapi.obj
 0001:00067780       ?_RTC_GetErrorFuncW@@YAP6AHHPB_WH00ZZPBX@Z 00468780 f   LIBCMTD:userapi.obj
 0001:00067790       __RTC_GetErrDesc           00468790 f   LIBCMTD:userapi.obj
 0001:000677b0       __RTC_NumErrors            004687b0 f   LIBCMTD:userapi.obj
 0001:000677c0       __RTC_SetErrorFunc         004687c0 f   LIBCMTD:userapi.obj
 0001:000677e0       __RTC_SetErrorFuncW        004687e0 f   LIBCMTD:userapi.obj
 0001:00067800       __RTC_SetErrorType         00468800 f   LIBCMTD:userapi.obj
 0001:00067830       __CRT_RTC_INIT             00468830 f   LIBCMTD:chkesp.obj
 0001:00067840       __CRT_RTC_INITW            00468840 f   LIBCMTD:chkesp.obj
 0001:00067850       __chkesp                   00468850 f   LIBCMTD:chkesp.obj
 0001:00067cd0       ?_RTC_GetSrcLine@@YAHPAEPA_WKPAH1K@Z 00468cd0 f   LIBCMTD:pdblkup.obj
 0001:00067f80       ?strrchr@@YAPADPADH@Z      00468f80 f i LIBCMTD:cvt.obj
 0001:00067fa0       __cfltcvt                  00468fa0 f   LIBCMTD:cvt.obj
 0001:00067fd0       __cfltcvt_l                00468fd0 f   LIBCMTD:cvt.obj
 0001:00068090       __cftoa                    00469090 f   LIBCMTD:cvt.obj
 0001:000680c0       __cftoa_l                  004690c0 f   LIBCMTD:cvt.obj
 0001:00068930       __cftoe                    00469930 f   LIBCMTD:cvt.obj
 0001:00068d70       __cftoe_l                  00469d70 f   LIBCMTD:cvt.obj
 0001:00068fa0       __cftof                    00469fa0 f   LIBCMTD:cvt.obj
 0001:00069250       __cftof_l                  0046a250 f   LIBCMTD:cvt.obj
 0001:00069450       __cftog                    0046a450 f   LIBCMTD:cvt.obj
 0001:00069480       __cftog_l                  0046a480 f   LIBCMTD:cvt.obj
 0001:00069710       __cropzeros                0046a710 f   LIBCMTD:cvt.obj
 0001:00069730       __cropzeros_l              0046a730 f   LIBCMTD:cvt.obj
 0001:00069850       __fassign                  0046a850 f   LIBCMTD:cvt.obj
 0001:00069870       __fassign_l                0046a870 f   LIBCMTD:cvt.obj
 0001:000698c0       __forcdecpt                0046a8c0 f   LIBCMTD:cvt.obj
 0001:000698e0       __forcdecpt_l              0046a8e0 f   LIBCMTD:cvt.obj
 0001:000699b0       __positive                 0046a9b0 f   LIBCMTD:cvt.obj
 0001:00069a10       __setdefaultprecision      0046aa10 f   LIBCMTD:fp8.obj
 0001:00069a50       ?__CxxUnhandledExceptionFilter@@YGJPAU_EXCEPTION_POINTERS@@@Z 0046aa50 f   LIBCMTD:unhandld.obj
 0001:00069ac0       ___CxxSetUnhandledExceptionFilter 0046aac0 f   LIBCMTD:unhandld.obj
 0001:00069ae0       __XcptFilter               0046aae0 f   LIBCMTD:winxfltr.obj
 0001:00069ce0       ___CppXcptFilter           0046ace0 f   LIBCMTD:winxfltr.obj
 0001:00069d70       __get_heap_handle          0046ad70 f   LIBCMTD:heapinit.obj
 0001:00069db0       __heap_init                0046adb0 f   LIBCMTD:heapinit.obj
 0001:00069de0       __heap_term                0046ade0 f   LIBCMTD:heapinit.obj
 0001:00069df0       __set_pgmptr               0046adf0 f i LIBCMTD:stdargv.obj
 0001:00069e00       __setargv                  0046ae00 f   LIBCMTD:stdargv.obj
 0001:0006a2d0       __setenvp                  0046b2d0 f   LIBCMTD:stdenvp.obj
 0001:0006a470       ___set_app_type            0046b470 f   LIBCMTD:errmode.obj
 0001:0006a480       __set_error_mode           0046b480 f   LIBCMTD:errmode.obj
 0001:0006a540       ___security_init_cookie    0046b540 f   LIBCMTD:gs_support.obj
 0001:0006a620       ___crtGetEnvironmentStringsA 0046b620 f   LIBCMTD:a_env.obj
 0001:0006a720       ___daylight                0046b720 f   LIBCMTD:timeset.obj
 0001:0006a730       ___dstbias                 0046b730 f   LIBCMTD:timeset.obj
 0001:0006a740       ___timezone                0046b740 f   LIBCMTD:timeset.obj
 0001:0006a750       ___tzname                  0046b750 f   LIBCMTD:timeset.obj
 0001:0006a760       __get_daylight             0046b760 f   LIBCMTD:timeset.obj
 0001:0006a7f0       __get_dstbias              0046b7f0 f   LIBCMTD:timeset.obj
 0001:0006a880       __get_timezone             0046b880 f   LIBCMTD:timeset.obj
 0001:0006a910       __get_tzname               0046b910 f   LIBCMTD:timeset.obj
 0001:0006ab10       ___tzset                   0046bb10 f   LIBCMTD:tzset.obj
 0001:0006aba0       __isindst                  0046bba0 f   LIBCMTD:tzset.obj
 0001:0006af80       __set_daylight             0046bf80 f i LIBCMTD:tzset.obj
 0001:0006af90       __set_dstbias              0046bf90 f i LIBCMTD:tzset.obj
 0001:0006afa0       __set_timezone             0046bfa0 f i LIBCMTD:tzset.obj
 0001:0006afb0       __tzset                    0046bfb0 f   LIBCMTD:tzset.obj
 0001:0006b8a0       __INTRN_LOCALE_CONV        0046c8a0 f i LIBCMTD:input.obj
 0001:0006ba60       __input_l                  0046ca60 f   LIBCMTD:input.obj
 0001:0006d960       __input_s_l                0046e960 f   LIBCMTD:inputs.obj
 0001:0006fb40       ___free_lconv_mon          00470b40 f   LIBCMTD:initmon.obj
 0001:0006fcf0       ___init_monetary           00470cf0 f   LIBCMTD:initmon.obj
 0001:00070300       ___free_lconv_num          00471300 f   LIBCMTD:initnum.obj
 0001:000703b0       ___init_numeric            004713b0 f   LIBCMTD:initnum.obj
 0001:00070780       ___free_lc_time            00471780 f   LIBCMTD:inittime.obj
 0001:000710b0       ___init_time               004720b0 f   LIBCMTD:inittime.obj
 0001:000720b0       _localeconv                004730b0 f   LIBCMTD:lconv.obj
 0001:00072240       ___crtGetStringTypeA       00473240 f   LIBCMTD:a_str.obj
 0001:00072390       ?_CallCatchBlock2@@YAPAXPAUEHRegistrationNode@@PBU_s_FuncInfo@@PAXHK@Z 00473390 f   LIBCMTD:_trnsctrl_.obj
 0001:00072400       ?_CallMemberFunction0@@YGXPAX0@Z 00473400 f   LIBCMTD:_trnsctrl_.obj
 0001:00072410       ?_CallMemberFunction1@@YGXPAX00@Z 00473410 f   LIBCMTD:_trnsctrl_.obj
 0001:00072420       ?_CallMemberFunction2@@YGXPAX00H@Z 00473420 f   LIBCMTD:_trnsctrl_.obj
 0001:00072430       ?_CallSETranslator@@YAHPAUEHExceptionRecord@@PAUEHRegistrationNode@@PAX2PBU_s_FuncInfo@@H1@Z 00473430 f   LIBCMTD:_trnsctrl_.obj
 0001:00072520       ?_GetRangeOfTrysToCheck@@YAPBU_s_TryBlockMapEntry@@PBU_s_FuncInfo@@HHPAI1@Z 00473520 f   LIBCMTD:_trnsctrl_.obj
 0001:000725b0       ?_JumpToContinuation@@YGXPAXPAUEHRegistrationNode@@@Z 004735b0 f   LIBCMTD:_trnsctrl_.obj
 0001:000725f0       ?_UnwindNestedFrames@@YGXPAUEHRegistrationNode@@PAUEHExceptionRecord@@@Z 004735f0 f   LIBCMTD:_trnsctrl_.obj
 0001:00072650       __CreateFrameInfo          00473650 f   LIBCMTD:_trnsctrl_.obj
 0001:00072680       __FindAndUnlinkFrame       00473680 f   LIBCMTD:_trnsctrl_.obj
 0001:000726e0       __IsExceptionObjectToBeDestroyed 004736e0 f   LIBCMTD:_trnsctrl_.obj
 0001:00072710       ___CxxFrameHandler         00473710 f   LIBCMTD:_trnsctrl_.obj
 0001:00072750       ___CxxFrameHandler2        00473750 f   LIBCMTD:_trnsctrl_.obj
 0001:00072790       ___CxxFrameHandler3        00473790 f   LIBCMTD:_trnsctrl_.obj
 0001:000727d0       ___CxxLongjmpUnwind@4      004737d0 f   LIBCMTD:_trnsctrl_.obj
 0001:00072800       __iswctype_l               00473800 f   LIBCMTD:iswctype.obj
 0001:00072820       _is_wctype                 00473820 f   LIBCMTD:iswctype.obj
 0001:00072840       _iswctype                  00473840 f   LIBCMTD:iswctype.obj
 0001:000728a0       _GetTableIndexFromLcid     004738a0 f   LIBCMTD:winapinls.obj
 0001:00072910       _GetTableIndexFromLocaleName 00473910 f   LIBCMTD:winapinls.obj
 0001:000729a0       ___crtCompareStringEx      004739a0 f   LIBCMTD:winapinls.obj
 0001:00072a10       ___crtDownlevelLCIDToLocaleName 00473a10 f   LIBCMTD:winapinls.obj
 0001:00072ae0       ___crtDownlevelLocaleNameToLCID 00473ae0 f   LIBCMTD:winapinls.obj
 0001:00072b40       ___crtEnumSystemLocalesEx  00473b40 f   LIBCMTD:winapinls.obj
 0001:00072bb0       ___crtGetDateFormatEx      00473bb0 f   LIBCMTD:winapinls.obj
 0001:00072c20       ___crtGetLocaleInfoEx      00473c20 f   LIBCMTD:winapinls.obj
 0001:00072c80       ___crtGetTimeFormatEx      00473c80 f   LIBCMTD:winapinls.obj
 0001:00072cf0       ___crtGetUserDefaultLocaleName 00473cf0 f   LIBCMTD:winapinls.obj
 0001:00072d40       ___crtIsValidLocaleName    00473d40 f   LIBCMTD:winapinls.obj
 0001:00072d80       ___crtLCMapStringEx        00473d80 f   LIBCMTD:winapinls.obj
 0001:00072df0       ___wcsnicmp_ascii          00473df0 f   LIBCMTD:winapinls.obj
 0001:00072ec0       ___pctype_func             00473ec0 f   LIBCMTD:ctype.obj
 0001:00072f10       ___pwctype_func            00473f10 f   LIBCMTD:ctype.obj
 0001:00072f20       ___init_collate            00473f20 f   LIBCMTD:initcoll.obj
 0001:00072f30       ____lc_codepage_func       00473f30 f   LIBCMTD:initctyp.obj
 0001:00072f80       ____lc_collate_cp_func     00473f80 f   LIBCMTD:initctyp.obj
 0001:00072fd0       ____lc_locale_name_func    00473fd0 f   LIBCMTD:initctyp.obj
 0001:00073020       ____mb_cur_max_func        00474020 f   LIBCMTD:initctyp.obj
 0001:00073070       ____mb_cur_max_l_func      00474070 f   LIBCMTD:initctyp.obj
 0001:000730a0       ___init_ctype              004740a0 f   LIBCMTD:initctyp.obj
 0001:000736e0       _wcscat_s                  004746e0 f   LIBCMTD:wcscat_s.obj
 0001:00073af0       _wcscmp                    00474af0 f   LIBCMTD:wcscmp.obj
 0001:00073b50       _wcscpy_s                  00474b50 f   LIBCMTD:wcscpy_s.obj
 0001:00073e60       _wcscspn                   00474e60 f   LIBCMTD:wcscspn.obj
 0001:00073ed0       _wcslen                    00474ed0 f   LIBCMTD:wcslen.obj
 0001:00073f10       _wcsnlen                   00474f10 f   LIBCMTD:wcslen_s.obj
 0001:00073f50       _wcsncmp                   00474f50 f   LIBCMTD:wcsncmp.obj
 0001:00073fb0       _wcsncpy_s                 00474fb0 f   LIBCMTD:wcsncpy_s.obj
 0001:000743e0       _wcspbrk                   004753e0 f   LIBCMTD:wcspbrk.obj
 0001:00074f70       ___get_qualified_locale    00475f70 f   LIBCMTD:getqloc.obj
 0001:00075f40       ___get_qualified_locale_downlevel 00476f40 f   LIBCMTD:getqloc_downlevel.obj
 0001:00076210       ___swprintf_l              00477210 f   LIBCMTD:swprintf.obj
 0001:00076240       __scwprintf                00477240 f   LIBCMTD:swprintf.obj
 0001:00076260       __scwprintf_l              00477260 f   LIBCMTD:swprintf.obj
 0001:00076290       __scwprintf_p              00477290 f   LIBCMTD:swprintf.obj
 0001:000762b0       __scwprintf_p_l            004772b0 f   LIBCMTD:swprintf.obj
 0001:000762e0       __snwprintf_s              004772e0 f   LIBCMTD:swprintf.obj
 0001:00076310       __snwprintf_s_l            00477310 f   LIBCMTD:swprintf.obj
 0001:00076340       __swprintf                 00477340 f   LIBCMTD:swprintf.obj
 0001:00076560       __swprintf_p               00477560 f   LIBCMTD:swprintf.obj
 0001:00076590       __swprintf_p_l             00477590 f   LIBCMTD:swprintf.obj
 0001:000765c0       __swprintf_s_l             004775c0 f   LIBCMTD:swprintf.obj
 0001:000765f0       _swprintf_s                004775f0 f   LIBCMTD:swprintf.obj
 0001:00076620       ___crtMessageBoxW          00477620 f   LIBCMTD:crtmboxw.obj
 0001:00076930       ___crtMessageBoxWaitThreadW@4 00477930 f   LIBCMTD:crtmboxw.obj
 0001:00076970       __CrtDbgBreak              00477970 f   LIBCMTD:dbgrptt.obj
 0001:00076980       __CrtGetReportHook         00477980 f   LIBCMTD:dbgrptt.obj
 0001:00076990       __CrtSetReportFile         00477990 f   LIBCMTD:dbgrptt.obj
 0001:00076a90       __CrtSetReportHook         00477a90 f   LIBCMTD:dbgrptt.obj
 0001:00076ab0       __CrtSetReportMode         00477ab0 f   LIBCMTD:dbgrptt.obj
 0001:00076bf0       __VCrtDbgReportA           00477bf0 f   LIBCMTD:dbgrptt.obj
 0001:00077460       __VCrtDbgReportW           00478460 f   LIBCMTD:dbgrptt.obj
 0001:00077de0       __free_base                00478de0 f   LIBCMTD:free.obj
 0001:00077e30       __realloc_base             00478e30 f   LIBCMTD:realloc.obj
 0001:00077f30       __expand_base              00478f30 f   LIBCMTD:expand.obj
 0001:000780a0       __CrtDbgReport             004790a0 f   LIBCMTD:dbgrpt.obj
 0001:000780f0       __CrtDbgReportV            004790f0 f i LIBCMTD:dbgrpt.obj
 0001:00078120       __CrtSetReportHook2        00479120 f   LIBCMTD:dbgrpt.obj
 0001:00078470       ___crtMessageWindowA       00479470 f   LIBCMTD:dbgrpt.obj
 0001:00078920       __heapchk                  00479920 f   LIBCMTD:heapchk.obj
 0001:00078950       __heapset                  00479950 f   LIBCMTD:heapchk.obj
 0001:00078960       __heap_alloc_base          00479960 f i LIBCMTD:malloc.obj
 0001:000789c0       __malloc_base              004799c0 f   LIBCMTD:malloc.obj
 0001:00078a50       __fptrap                   00479a50 f   LIBCMTD:crt0fp.obj
 0001:00078b90       ___crtGetLocaleInfoA       00479b90 f   LIBCMTD:a_loc.obj
 0001:00078be0       __isatty                   00479be0 f   LIBCMTD:isatty.obj
 0001:00078ca0       __strtod_l                 00479ca0 f   LIBCMTD:strtod.obj
 0001:00078eb0       _strtod                    00479eb0 f   LIBCMTD:strtod.obj
 0001:00078ed0       ___crt_atoflt_l            00479ed0 f   LIBCMTD:atodbl.obj
 0001:00078fe0       __atodbl                   00479fe0 f   LIBCMTD:atodbl.obj
 0001:00079000       __atodbl_l                 0047a000 f   LIBCMTD:atodbl.obj
 0001:00079100       __atoflt                   0047a100 f   LIBCMTD:atodbl.obj
 0001:00079120       __atoflt_l                 0047a120 f   LIBCMTD:atodbl.obj
 0001:00079140       __atoldbl                  0047a140 f   LIBCMTD:atodbl.obj
 0001:00079160       __atoldbl_l                0047a160 f   LIBCMTD:atodbl.obj
 0001:00079260       __commit                   0047a260 f   LIBCMTD:commit.obj
 0001:000794a0       ___lock_fhandle            0047a4a0 f   LIBCMTD:osfinfo.obj
 0001:00079590       __alloc_osfhnd             0047a590 f   LIBCMTD:osfinfo.obj
 0001:00079830       __free_osfhnd              0047a830 f   LIBCMTD:osfinfo.obj
 0001:00079920       __get_osfhandle            0047a920 f   LIBCMTD:osfinfo.obj
 0001:00079aa0       __open_osfhandle           0047aaa0 f   LIBCMTD:osfinfo.obj
 0001:00079cd0       __set_osfhnd               0047acd0 f   LIBCMTD:osfinfo.obj
 0001:00079da0       __unlock_fhandle           0047ada0 f   LIBCMTD:osfinfo.obj
 0001:00079dd0       __getbuf                   0047add0 f   LIBCMTD:_getbuf.obj
 0001:00079ea0       __open                     0047aea0 f   LIBCMTD:open.obj
 0001:0007a040       __sopen                    0047b040 f   LIBCMTD:open.obj
 0001:0007a0b0       __sopen_helper             0047b0b0 f   LIBCMTD:open.obj
 0001:0007a350       __sopen_nolock             0047b350 f   LIBCMTD:open.obj
 0001:0007a3c0       __sopen_s                  0047b3c0 f   LIBCMTD:open.obj
 0001:0007a3f0       __mbsnbcmp                 0047b3f0 f   LIBCMTD:mbsnbcmp.obj
 0001:0007a410       __mbsnbcmp_l               0047b410 f   LIBCMTD:mbsnbcmp.obj
 0001:0007a730       __mbsnbicmp                0047b730 f   LIBCMTD:mbsnbicm.obj
 0001:0007a750       __mbsnbicmp_l              0047b750 f   LIBCMTD:mbsnbicm.obj
 0001:0007ac90       __global_unwind2           0047bc90 f   LIBCMTD:exsup.obj
 0001:0007acf5       __local_unwind2            0047bcf5 f   LIBCMTD:exsup.obj
 0001:0007ad79       __abnormal_termination     0047bd79 f   LIBCMTD:exsup.obj
 0001:0007ad9c       __NLG_Notify1              0047bd9c f   LIBCMTD:exsup.obj
 0001:0007ada5       __NLG_Notify               0047bda5 f   LIBCMTD:exsup.obj
 0001:0007adbc       __NLG_Dispatch2            0047bdbc     LIBCMTD:exsup.obj
 0001:0007adbc       __NLG_Dispatch             0047bdbc     LIBCMTD:exsup.obj
 0001:0007adc4       __NLG_Call                 0047bdc4 f   LIBCMTD:exsup.obj
 0001:0007adc6       __NLG_Return2              0047bdc6     LIBCMTD:exsup.obj
 0001:0007add0       __output_s_l               0047bdd0 f   LIBCMTD:outputs.obj
 0001:0007c780       __wctomb_l                 0047d780 f   LIBCMTD:wctomb.obj
 0001:0007c800       __wctomb_s_l               0047d800 f   LIBCMTD:wctomb.obj
 0001:0007cb50       _wctomb                    0047db50 f   LIBCMTD:wctomb.obj
 0001:0007cba0       _wctomb_s                  0047dba0 f   LIBCMTD:wctomb.obj
 0001:0007cbc0       __mbtowc_l                 0047dbc0 f   LIBCMTD:mbtowc.obj
 0001:0007ce00       _mbtowc                    0047de00 f   LIBCMTD:mbtowc.obj
 0001:0007ce20       __putwch                   0047de20 f   LIBCMTD:putwch.obj
 0001:0007ceb0       __putwch_nolock            0047deb0 f   LIBCMTD:putwch.obj
 0001:0007cf00       __wmakepath_s              0047df00 f   LIBCMTD:wmakepath_s.obj
 0001:0007d2c0       __wsplitpath_s             0047e2c0 f   LIBCMTD:wsplitpath_s.obj
 0001:0007d900       ___isascii                 0047e900 f i LIBCMTD:_ctype.obj
 0001:0007d930       ___iscsym                  0047e930 f i LIBCMTD:_ctype.obj
 0001:0007d970       ___iscsymf                 0047e970 f i LIBCMTD:_ctype.obj
 0001:0007d9b0       ___toascii                 0047e9b0 f i LIBCMTD:_ctype.obj
 0001:0007d9c0       __isalnum_l                0047e9c0 f i LIBCMTD:_ctype.obj
 0001:0007da40       __isalpha_l                0047ea40 f i LIBCMTD:_ctype.obj
 0001:0007dac0       __isblank_l                0047eac0 f i LIBCMTD:_ctype.obj
 0001:0007db50       __iscntrl_l                0047eb50 f i LIBCMTD:_ctype.obj
 0001:0007dbd0       __iscsym_l                 0047ebd0 f i LIBCMTD:_ctype.obj
 0001:0007dc10       __iscsymf_l                0047ec10 f i LIBCMTD:_ctype.obj
 0001:0007dc50       __isdigit_l                0047ec50 f i LIBCMTD:_ctype.obj
 0001:0007dcd0       __isgraph_l                0047ecd0 f i LIBCMTD:_ctype.obj
 0001:0007dd50       __islower_l                0047ed50 f i LIBCMTD:_ctype.obj
 0001:0007ddd0       __isprint_l                0047edd0 f i LIBCMTD:_ctype.obj
 0001:0007de50       __ispunct_l                0047ee50 f i LIBCMTD:_ctype.obj
 0001:0007ded0       __isspace_l                0047eed0 f i LIBCMTD:_ctype.obj
 0001:0007df50       __isupper_l                0047ef50 f i LIBCMTD:_ctype.obj
 0001:0007dfd0       __isxdigit_l               0047efd0 f i LIBCMTD:_ctype.obj
 0001:0007e050       _isalnum                   0047f050 f i LIBCMTD:_ctype.obj
 0001:0007e090       _isalpha                   0047f090 f i LIBCMTD:_ctype.obj
 0001:0007e0d0       _isblank                   0047f0d0 f i LIBCMTD:_ctype.obj
 0001:0007e120       _iscntrl                   0047f120 f i LIBCMTD:_ctype.obj
 0001:0007e150       _isdigit                   0047f150 f i LIBCMTD:_ctype.obj
 0001:0007e180       _isgraph                   0047f180 f i LIBCMTD:_ctype.obj
 0001:0007e1c0       _islower                   0047f1c0 f i LIBCMTD:_ctype.obj
 0001:0007e1f0       _isprint                   0047f1f0 f i LIBCMTD:_ctype.obj
 0001:0007e230       _ispunct                   0047f230 f i LIBCMTD:_ctype.obj
 0001:0007e260       _isspace                   0047f260 f i LIBCMTD:_ctype.obj
 0001:0007e290       _isupper                   0047f290 f i LIBCMTD:_ctype.obj
 0001:0007e2c0       _isxdigit                  0047f2c0 f i LIBCMTD:_ctype.obj
 0001:0007e300       _memmove                   0047f300 f   LIBCMTD:memmove.obj
 0001:0007e950       _strrchr                   0047f950 f   LIBCMTD:strrchr.obj
 0001:0007ea90       __fptostr                  0047fa90 f   LIBCMTD:_fptostr.obj
 0001:0007edb0       ___dtold                   0047fdb0 f   LIBCMTD:cfout.obj
 0001:0007ef10       __fltout2                  0047ff10 f   LIBCMTD:cfout.obj
 0001:0007efc0       __allrem                   0047ffc0 f   LIBCMTD:llrem.obj
 0001:0007f080       __aullshr                  00480080 f   LIBCMTD:ullshr.obj
 0001:0007f0a0       __get_output_format        004800a0 f   LIBCMTD:outputformat.obj
 0001:0007f0b0       __set_output_format        004800b0 f   LIBCMTD:outputformat.obj
 0001:0007f150       __controlfp_s              00480150 f   LIBCMTD:contrlfp.obj
 0001:0007f300       __ismbbalnum               00480300 f   LIBCMTD:ismbbyte.obj
 0001:0007f320       __ismbbalnum_l             00480320 f   LIBCMTD:ismbbyte.obj
 0001:0007f340       __ismbbalpha               00480340 f   LIBCMTD:ismbbyte.obj
 0001:0007f360       __ismbbalpha_l             00480360 f   LIBCMTD:ismbbyte.obj
 0001:0007f380       __ismbbblank               00480380 f   LIBCMTD:ismbbyte.obj
 0001:0007f3b0       __ismbbblank_l             004803b0 f   LIBCMTD:ismbbyte.obj
 0001:0007f3f0       __ismbbgraph               004803f0 f   LIBCMTD:ismbbyte.obj
 0001:0007f410       __ismbbgraph_l             00480410 f   LIBCMTD:ismbbyte.obj
 0001:0007f430       __ismbbkalnum              00480430 f   LIBCMTD:ismbbyte.obj
 0001:0007f450       __ismbbkalnum_l            00480450 f   LIBCMTD:ismbbyte.obj
 0001:0007f470       __ismbbkana                00480470 f   LIBCMTD:ismbbyte.obj
 0001:0007f490       __ismbbkana_l              00480490 f   LIBCMTD:ismbbyte.obj
 0001:0007f500       __ismbbkprint              00480500 f   LIBCMTD:ismbbyte.obj
 0001:0007f520       __ismbbkprint_l            00480520 f   LIBCMTD:ismbbyte.obj
 0001:0007f540       __ismbbkpunct              00480540 f   LIBCMTD:ismbbyte.obj
 0001:0007f560       __ismbbkpunct_l            00480560 f   LIBCMTD:ismbbyte.obj
 0001:0007f580       __ismbblead                00480580 f   LIBCMTD:ismbbyte.obj
[...]
 0003:0059f940       ___pioinfo                 00a7a940     LIBCMTD:ioinit.obj
 0003:0059fa50       __crtheap                  00a7aa50     LIBCMTD:heapinit.obj
 0003:0059fb60       ___error_mode              00a7ab60     LIBCMTD:errmode.obj
 0003:0059fc24       ___lconv_static_null       00a7ac24     LIBCMTD:lconv.obj
 0003:0059fc28       ___lconv_static_W_null     00a7ac28     LIBCMTD:lconv.obj
 0003:0059fc44       __commode                  00a7ac44     LIBCMTD:ncommode.obj
 0003:0059fc48       __outputformat             00a7ac48     LIBCMTD:outputformat.obj
 0003:0059fc4c       ?g_OutOfMemoryExceptionCallback@@3P6GPAXXZA 00a7ac4c     LIBCMTD:frame.obj
 0003:0059fc58       __fmode                    00a7ac58     LIBCMTD:txtmode.obj
 0003:0059fc5c       ?pArgList@UnDecorator@@0PAVReplicator@@A 00a7ac5c     LIBCMTD:undname.obj
 0003:0059fc60       ?pZNameList@UnDecorator@@0PAVReplicator@@A 00a7ac60     LIBCMTD:undname.obj
 0003:0059fc64       ?pTemplateArgList@UnDecorator@@0PAVReplicator@@A 00a7ac64     LIBCMTD:undname.obj
 0003:0059fc68       ?gName@UnDecorator@@0PBDB  00a7ac68     LIBCMTD:undname.obj
 0003:0059fc6c       ?name@UnDecorator@@0PBDB   00a7ac6c     LIBCMTD:undname.obj
 0003:0059fc70       ?outputString@UnDecorator@@0PADA 00a7ac70     LIBCMTD:undname.obj
 0003:0059fc74       ?maxStringLength@UnDecorator@@0HA 00a7ac74     LIBCMTD:undname.obj
 0003:0059fc78       ?disableFlags@UnDecorator@@0KA 00a7ac78     LIBCMTD:undname.obj
 0003:0059fc7c       ?fExplicitTemplateParams@UnDecorator@@0_NA 00a7ac7c     LIBCMTD:undname.obj
 0003:0059fc7d       ?fGetTemplateArgumentList@UnDecorator@@0_NA 00a7ac7d     LIBCMTD:undname.obj
 0003:0059fc80       ?m_pGetParameter@UnDecorator@@0P6APADJ@ZA 00a7ac80     LIBCMTD:undname.obj
 0003:0059fce8       ?nodes@?1??make@DNameStatusNode@@SAPAV2@W4DNameStatus@@@Z@4PAV2@A 00a7ace8     LIBCMTD:undname.obj
 0003:0059fd18       ??_B?1??make@DNameStatusNode@@SAPAV1@W4DNameStatus@@@Z@51 00a7ad18     LIBCMTD:undname.obj
 0003:0059fd20       _character_file            00a7ad20     <common>
 0003:00a59600       _myArgs                    00f34600     <common>
 0003:00a59700       _myCommand                 00f34700     <common>
 0003:00a59720       _cmdBuf                    00f34720     <common>
 0003:00a5a6c0       _chatBuf                   00f356c0     <common>
 0003:00a5b660       _localgmrights             00f36660     <common>
 0003:00a5b6a0       _localgms                  00f366a0     <common>
 0003:00a5b9c0       _csv_params                00f369c0     <common>
 0003:00a9b9c0       _qpdc_buffer               00f769c0     <common>
 0003:00adb9e0       _qpd_buffer                00fb69e0     <common>
 0003:00b1b9e0       _logon                     00ff69e0     <common>
 0003:00b1b9e4       _workConnect               00ff69e4     <common>
 0003:00b1b9e8       _logon_connecion           00ff69e8     <common>
 0003:00b1ba00       _connections               00ff6a00     <common>
 0003:00b1c820       _logon_structure           00ff7820     <common>
 0003:00d3fad8       _consoleHwnd               0121aad8     <common>
 0003:00d3fadc       _cipher_ptr                0121aadc     <common>
 0003:00d3fae0       _max_tech_level            0121aae0     <common>
 0003:00d3fbe0       _ship_key                  0121abe0     <common>
 0003:00d3fc60       _ship_index                0121ac60     <common>
 0003:00d3fc80       _shopidx                   0121ac80     <common>
 0003:00d3ffa0       _shop_checksum             0121afa0     <common>
 0003:00d3ffa4       _battle_count              0121afa4     <common>
 0003:00d3ffc0       _languageNames             0121afc0     <common>
 0003:00d40000       _languageExts              0121b000     <common>
 0003:00d40028       _quest_numallows           0121b028     <common>
 0003:00d40040       _quest_menus               0121b040     <common>
 0003:00d52e60       _quests                    0122de60     <common>
 0003:00d59660       _blocks                    01234660     <common>
 0003:00d596a0       _shipdata                  012346a0     <common>
 0003:00d5a000       _Ship_Name                 01235000     <common>
 0003:00d5a100       _dp                        01235100     <common>
 0003:00d98900       _savedlobbies              01273900     <common>
 0003:00d989a0       _ExceptFDs                 012739a0     <common>
 0003:00d98ac0       _WriteFDs                  01273ac0     <common>
 0003:00d98be0       _ReadFDs                   01273be0     <common>
 0003:00d98d00       _startingData              01273d00     <common>
 0003:00d98dc0       _attachment_ep2            01273dc0     <common>
 0003:00f28de0       _percent_patterns_ep2      01403de0     <common>
 0003:01018e00       _power_patterns_ep2        014f3e00     <common>
 0003:010b8e20       _tool_drops_ep2            01593e20     <common>
 0003:01248e40       _tech_drops_ep2            01723e40     <common>
 0003:013d8e60       _slots_ep2                 018b3e60     <common>
 0003:01400e80       _weapon_drops_ep2          018dbe80     <common>
 0003:01720ea0       _attachment_ep1            01bfbea0     <common>
 0003:018b0ec0       _percent_patterns_ep1      01d8bec0     <common>
 0003:019a0ee0       _power_patterns_ep1        01e7bee0     <common>
 0003:01a40f00       _tool_drops_ep1            01f1bf00     <common>
 0003:01bd0f20       _tech_drops_ep1            020abf20     <common>
 0003:01d60f40       _slots_ep1                 0223bf40     <common>
 0003:01d88f60       _weapon_drops_ep1          02263f60     <common>
 0003:020a8f80       _ship_bandata              02583f80     <common>
 0003:020c6440       _servertime                025a1440     <common>
 0003:020c6448       _shipEvent                 025a1448     <common>
 0003:020c644a       _serverBlocks              025a144a     <common>
 0003:020c6460       _serverConnectionList      025a1460     <common>
 0003:020c7270       _serverMaxConnections      025a2270     <common>
 0003:020c7272       _serverPort                025a2272     <common>
 0003:020c7274       _loginIP                   025a2274     <common>
 0003:020c7280       _tmprcv                    025a2280     <common>
 0003:021c12a0       _PacketData2               0269c2a0     <common>
 0003:021d0ca0       _PacketData                026abca0     <common>
 0003:021e06a0       _common_table              026bb6a0     <common>
 0003:021f8d40       _dorphon_rate              026d3d40     <common>
 0003:021f8d44       _pazuzu_rate               026d3d44     <common>
 0003:021f8d48       _merissa_rate              026d3d48     <common>
 0003:021f8d4c       _slime_rate                026d3d4c     <common>
 0003:021f8d50       _lily_rate                 026d3d50     <common>
 0003:021f8d54       _rappy_rate                026d3d54     <common>
 0003:021f8d58       _hildebear_rate            026d3d58     <common>
 0003:021f8d5c       _EXPERIENCE_RATE           026d3d5c     <common>
 0003:021f8d60       _MESETA_DROP_RATE          026d3d60     <common>
 0003:021f8d64       _TOOL_DROP_RATE            026d3d64     <common>
 0003:021f8d68       _MAG_DROP_RATE             026d3d68     <common>
 0003:021f8d6c       _ARMOR_DROP_RATE           026d3d6c     <common>
 0003:021f8d70       _WEAPON_DROP_RATE          026d3d70     <common>
 0003:021f8d74       _debugfile                 026d3d74     <common>
 0003:021f8d78       _mt_64_to_double           026d3d78     <common>
 0003:021f8f80       _mt_default_state          026d3f80     <common>
 0003:021f9948       _mt_32_to_double           026d4948     <common>
 0003:021f9950       __pReportHookListW         026d4950     <common>
 0003:021f9960       __pReportHookList          026d4960     <common>
 0003:021f9964       __pfnReportHook            026d4964     <common>
 0003:021f9968       __nhandle                  026d4968     <common>
 0003:021f9974       ___unguarded_readlc_active 026d4974     <common>
 0003:021f9984       ___setlc_active            026d4984     <common>
 0003:021f99a0       _encodedKERNEL32Functions  026d49a0     <common>
 0003:021f9a48       __debugger_hook_dummy      026d4a48     <common>
 0003:021f9a54       __acmdln                   026d4a54     <common>
 0003:021f9a60       __bufin                    026d4a60     <common>
 0003:021fad9c       ___piob                    026d5d9c     <common>
 0003:021fada0       __nstream                  026d5da0     <common>
 0003:021fada4       ___dyn_tls_init_callback   026d5da4     <common>
 0003:021fadb4       ___onexitend               026d5db4     <common>
 0003:021fadb8       ___onexitbegin             026d5db8     <common>
 0003:021fadbc       ___mbctype_initialized     026d5dbc     <common>
 0003:021fadc0       ___env_initialized         026d5dc0     <common>
 0004:00000000       __imp__GetStockObject@4    026d6000     gdi32:GDI32.dll
 0004:00000004       \177GDI32_NULL_THUNK_DATA  026d6004     gdi32:GDI32.dll
 0004:00000030       __imp__CreateFileW@28      026d6030     kernel32:KERNEL32.dll
 0004:00000034       __imp__SetStdHandle@8      026d6034     kernel32:KERNEL32.dll
 0004:00000038       __imp__FlushFileBuffers@4  026d6038     kernel32:KERNEL32.dll
 0004:0000003c       __imp__HeapQueryInformation@20 026d603c     kernel32:KERNEL32.dll
 0004:00000040       __imp__HeapSize@12         026d6040     kernel32:KERNEL32.dll
 0004:00000044       __imp__HeapReAlloc@16      026d6044     kernel32:KERNEL32.dll
 0004:00000048       __imp__WriteConsoleW@20    026d6048     kernel32:KERNEL32.dll
 0004:0000004c       __imp__OutputDebugStringA@4 026d604c     kernel32:KERNEL32.dll
 0004:00000050       __imp__CreateThread@24     026d6050     kernel32:KERNEL32.dll
 0004:00000054       __imp__WaitForSingleObjectEx@12 026d6054     kernel32:KERNEL32.dll
 0004:00000058       __imp__OutputDebugStringW@4 026d6058     kernel32:KERNEL32.dll
 0004:0000005c       __imp__EnumSystemLocalesW@8 026d605c     kernel32:KERNEL32.dll
 0004:00000060       __imp__GetUserDefaultLCID@0 026d6060     kernel32:KERNEL32.dll
 0004:00000064       __imp__IsValidLocale@8     026d6064     kernel32:KERNEL32.dll
 0004:00000068       __imp__GetLocaleInfoW@16   026d6068     kernel32:KERNEL32.dll
 0004:0000006c       __imp__LCMapStringW@24     026d606c     kernel32:KERNEL32.dll
 0004:00000070       __imp__SetEndOfFile@4      026d6070     kernel32:KERNEL32.dll
 0004:00000074       __imp__GetModuleHandleA@4  026d6074     kernel32:KERNEL32.dll
 0004:00000078       __imp__SetConsoleTitleA@4  026d6078     kernel32:KERNEL32.dll
 0004:0000007c       __imp__GetConsoleWindow@0  026d607c     kernel32:KERNEL32.dll
 0004:00000080       __imp__CompareStringW@24   026d6080     kernel32:KERNEL32.dll
 0004:00000084       __imp__GetTimeFormatW@24   026d6084     kernel32:KERNEL32.dll
 0004:00000088       __imp__GetDateFormatW@24   026d6088     kernel32:KERNEL32.dll
 0004:0000008c       __imp__GetStringTypeW@16   026d608c     kernel32:KERNEL32.dll
 0004:00000090       __imp__FreeEnvironmentStringsW@4 026d6090     kernel32:KERNEL32.dll
 0004:00000094       __imp__GetEnvironmentStringsW@0 026d6094     kernel32:KERNEL32.dll
 0004:00000098       __imp__GetCurrentProcessId@0 026d6098     kernel32:KERNEL32.dll
 0004:0000009c       __imp__QueryPerformanceCounter@4 026d609c     kernel32:KERNEL32.dll
 0004:000000a0       __imp__GetModuleFileNameA@12 026d60a0     kernel32:KERNEL32.dll
 0004:000000a4       __imp__VirtualQuery@12     026d60a4     kernel32:KERNEL32.dll
 0004:000000a8       __imp__GetProcessHeap@0    026d60a8     kernel32:KERNEL32.dll
 0004:000000ac       __imp__HeapFree@12         026d60ac     kernel32:KERNEL32.dll
 0004:000000b0       __imp__HeapAlloc@12        026d60b0     kernel32:KERNEL32.dll
 0004:000000b4       __imp__GetLocalTime@4      026d60b4     kernel32:KERNEL32.dll
 0004:000000b8       __imp__Sleep@4             026d60b8     kernel32:KERNEL32.dll
 0004:000000bc       __imp__GetConsoleCP@0      026d60bc     kernel32:KERNEL32.dll
 0004:000000c0       __imp__SetFilePointerEx@20 026d60c0     kernel32:KERNEL32.dll
 0004:000000c4       __imp__IsDebuggerPresent@0 026d60c4     kernel32:KERNEL32.dll
 0004:000000c8       __imp__IsProcessorFeaturePresent@4 026d60c8     kernel32:KERNEL32.dll
 0004:000000cc       __imp__EncodePointer@4     026d60cc     kernel32:KERNEL32.dll
 0004:000000d0       __imp__DecodePointer@4     026d60d0     kernel32:KERNEL32.dll
 0004:000000d4       __imp__GetLastError@0      026d60d4     kernel32:KERNEL32.dll
 0004:000000d8       __imp__ExitProcess@4       026d60d8     kernel32:KERNEL32.dll
 0004:000000dc       __imp__GetModuleHandleExW@12 026d60dc     kernel32:KERNEL32.dll
 0004:000000e0       __imp__GetProcAddress@8    026d60e0     kernel32:KERNEL32.dll
 0004:000000e4       __imp__AreFileApisANSI@0   026d60e4     kernel32:KERNEL32.dll
 0004:000000e8       __imp__MultiByteToWideChar@24 026d60e8     kernel32:KERNEL32.dll
 0004:000000ec       __imp__WideCharToMultiByte@32 026d60ec     kernel32:KERNEL32.dll
 0004:000000f0       __imp__EnterCriticalSection@4 026d60f0     kernel32:KERNEL32.dll
 0004:000000f4       __imp__LeaveCriticalSection@4 026d60f4     kernel32:KERNEL32.dll
 0004:000000f8       __imp__ReadFile@20         026d60f8     kernel32:KERNEL32.dll
 0004:000000fc       __imp__GetSystemTimeAsFileTime@4 026d60fc     kernel32:KERNEL32.dll
 0004:00000100       __imp__RaiseException@16   026d6100     kernel32:KERNEL32.dll
 0004:00000104       __imp__LoadLibraryExW@12   026d6104     kernel32:KERNEL32.dll
 0004:00000108       __imp__GetCommandLineA@0   026d6108     kernel32:KERNEL32.dll
 0004:0000010c       __imp__GetTimeZoneInformation@4 026d610c     kernel32:KERNEL32.dll
 0004:00000110       __imp__UnhandledExceptionFilter@4 026d6110     kernel32:KERNEL32.dll
 0004:00000114       __imp__SetUnhandledExceptionFilter@4 026d6114     kernel32:KERNEL32.dll
 0004:00000118       __imp__SetLastError@4      026d6118     kernel32:KERNEL32.dll
 0004:0000011c       __imp__InitializeCriticalSectionAndSpinCount@8 026d611c     kernel32:KERNEL32.dll
 0004:00000120       __imp__CreateEventW@16     026d6120     kernel32:KERNEL32.dll
 0004:00000124       __imp__SetEnvironmentVariableA@8 026d6124     kernel32:KERNEL32.dll
 0004:00000128       __imp__GetCurrentProcess@0 026d6128     kernel32:KERNEL32.dll
 0004:0000012c       __imp__TerminateProcess@8  026d612c     kernel32:KERNEL32.dll
 0004:00000130       __imp__TlsAlloc@0          026d6130     kernel32:KERNEL32.dll
 0004:00000134       __imp__TlsGetValue@4       026d6134     kernel32:KERNEL32.dll
 0004:00000138       __imp__TlsSetValue@8       026d6138     kernel32:KERNEL32.dll
 0004:0000013c       __imp__TlsFree@4           026d613c     kernel32:KERNEL32.dll
 0004:00000140       __imp__GetStartupInfoW@4   026d6140     kernel32:KERNEL32.dll
 0004:00000144       __imp__GetTickCount@0      026d6144     kernel32:KERNEL32.dll
 0004:00000148       __imp__GetModuleHandleW@4  026d6148     kernel32:KERNEL32.dll
 0004:0000014c       __imp__CreateSemaphoreW@16 026d614c     kernel32:KERNEL32.dll
 0004:00000150       __imp__IsValidCodePage@4   026d6150     kernel32:KERNEL32.dll
 0004:00000154       __imp__GetACP@0            026d6154     kernel32:KERNEL32.dll
 0004:00000158       __imp__GetOEMCP@0          026d6158     kernel32:KERNEL32.dll
 0004:0000015c       __imp__GetCPInfo@8         026d615c     kernel32:KERNEL32.dll
 0004:00000160       __imp__GetCurrentThread@0  026d6160     kernel32:KERNEL32.dll
 0004:00000164       __imp__GetCurrentThreadId@0 026d6164     kernel32:KERNEL32.dll
 0004:00000168       __imp__GetModuleFileNameW@12 026d6168     kernel32:KERNEL32.dll
 0004:0000016c       __imp__HeapValidate@12     026d616c     kernel32:KERNEL32.dll
 0004:00000170       __imp__GetSystemInfo@4     026d6170     kernel32:KERNEL32.dll
 0004:00000174       __imp__DeleteCriticalSection@4 026d6174     kernel32:KERNEL32.dll
 0004:00000178       __imp__FatalAppExitA@8     026d6178     kernel32:KERNEL32.dll
 0004:0000017c       __imp__GetStdHandle@4      026d617c     kernel32:KERNEL32.dll
 0004:00000180       __imp__WriteFile@20        026d6180     kernel32:KERNEL32.dll
 0004:00000184       __imp__SetConsoleCtrlHandler@8 026d6184     kernel32:KERNEL32.dll
 0004:00000188       __imp__FreeLibrary@4       026d6188     kernel32:KERNEL32.dll
 0004:0000018c       __imp__CloseHandle@4       026d618c     kernel32:KERNEL32.dll
 0004:00000190       __imp__GetFileType@4       026d6190     kernel32:KERNEL32.dll
 0004:00000194       __imp__RtlUnwind@16        026d6194     kernel32:KERNEL32.dll
 0004:00000198       __imp__GetConsoleMode@8    026d6198     kernel32:KERNEL32.dll
 0004:0000019c       __imp__ReadConsoleW@20     026d619c     kernel32:KERNEL32.dll
 0004:000001a0       \177KERNEL32_NULL_THUNK_DATA 026d61a0     kernel32:KERNEL32.dll
 0004:00000214       __imp__Shell_NotifyIconA@8 026d6214     shell32:SHELL32.dll
 0004:00000218       \177SHELL32_NULL_THUNK_DATA 026d6218     shell32:SHELL32.dll
 0004:00000244       __imp__LoadIconA@8         026d6244     user32:USER32.dll
 0004:00000248       __imp__LoadCursorA@8       026d6248     user32:USER32.dll
 0004:0000024c       __imp__SetForegroundWindow@4 026d624c     user32:USER32.dll
 0004:00000250       __imp__UpdateWindow@4      026d6250     user32:USER32.dll
 0004:00000254       __imp__SetFocus@4          026d6254     user32:USER32.dll
 0004:00000258       __imp__ShowWindow@8        026d6258     user32:USER32.dll
 0004:0000025c       __imp__CreateWindowExA@48  026d625c     user32:USER32.dll
 0004:00000260       __imp__RegisterClassA@4    026d6260     user32:USER32.dll
 0004:00000264       __imp__DefWindowProcA@16   026d6264     user32:USER32.dll
 0004:00000268       __imp__PeekMessageA@20     026d6268     user32:USER32.dll
 0004:0000026c       __imp__DispatchMessageA@4  026d626c     user32:USER32.dll
 0004:00000270       __imp__TranslateMessage@4  026d6270     user32:USER32.dll
 0004:00000274       \177USER32_NULL_THUNK_DATA 026d6274     user32:USER32.dll
 0004:000002a8       __imp__WSAGetLastError@0   026d62a8     wsock32:WSOCK32.dll
 0004:000002ac       __imp__WSAStartup@8        026d62ac     wsock32:WSOCK32.dll
 0004:000002b0       __imp__gethostbyname@4     026d62b0     wsock32:WSOCK32.dll
 0004:000002b4       __imp__socket@12           026d62b4     wsock32:WSOCK32.dll
 0004:000002b8       __imp__setsockopt@20       026d62b8     wsock32:WSOCK32.dll
 0004:000002bc       __imp__send@16             026d62bc     wsock32:WSOCK32.dll
 0004:000002c0       __imp__select@20           026d62c0     wsock32:WSOCK32.dll
 0004:000002c4       __imp__recv@16             026d62c4     wsock32:WSOCK32.dll
 0004:000002c8       __imp__listen@8            026d62c8     wsock32:WSOCK32.dll
 0004:000002cc       __imp__inet_ntoa@4         026d62cc     wsock32:WSOCK32.dll
 0004:000002d0       __imp__inet_addr@4         026d62d0     wsock32:WSOCK32.dll
 0004:000002d4       __imp__htons@4             026d62d4     wsock32:WSOCK32.dll
 0004:000002d8       __imp__connect@12          026d62d8     wsock32:WSOCK32.dll
 0004:000002dc       __imp__closesocket@4       026d62dc     wsock32:WSOCK32.dll
 0004:000002e0       __imp__bind@12             026d62e0     wsock32:WSOCK32.dll
 0004:000002e4       __imp__accept@12           026d62e4     wsock32:WSOCK32.dll
 0004:000002e8       __imp____WSAFDIsSet@8      026d62e8     wsock32:WSOCK32.dll
 0004:000002ec       \177WSOCK32_NULL_THUNK_DATA 026d62ec     wsock32:WSOCK32.dll
 0004:00000324       __IMPORT_DESCRIPTOR_WSOCK32 026d6324     wsock32:WSOCK32.dll
 0004:00000338       __IMPORT_DESCRIPTOR_KERNEL32 026d6338     kernel32:KERNEL32.dll
 0004:0000034c       __IMPORT_DESCRIPTOR_USER32 026d634c     user32:USER32.dll
 0004:00000360       __IMPORT_DESCRIPTOR_GDI32  026d6360     gdi32:GDI32.dll
 0004:00000374       __IMPORT_DESCRIPTOR_SHELL32 026d6374     shell32:SHELL32.dll
 0004:00000388       __NULL_IMPORT_DESCRIPTOR   026d6388     wsock32:WSOCK32.dll

 entry point at        0001:0004e8b0

